[2020-11-12T14:16:09.620+0100] ConcGCThreads: 1 offset 8
[2020-11-12T14:16:09.620+0100] ParallelGCThreads: 4
[2020-11-12T14:16:09.620+0100] Initialize mark stack with 4096 chunks, maximum 16384
[2020-11-12T14:16:09.642+0100] Using G1
[2020-11-12T14:16:37.294+0100] GC(0) Pause Young (Normal) (G1 Evacuation Pause) 103M->15M(2052M) 40.399ms
[2020-11-12T14:16:38.286+0100] GC(1) Pause Young (Normal) (G1 Evacuation Pause) 103M->25M(2052M) 50.084ms
[2020-11-12T14:16:39.126+0100] GC(2) Pause Young (Normal) (G1 Evacuation Pause) 113M->36M(2052M) 28.510ms
[2020-11-12T14:16:39.850+0100] GC(3) Pause Young (Normal) (G1 Evacuation Pause) 124M->46M(2052M) 19.152ms
[2020-11-12T14:16:40.567+0100] GC(4) Pause Young (Normal) (G1 Evacuation Pause) 134M->57M(2052M) 30.784ms
[2020-11-12T14:16:41.201+0100] GC(5) Pause Young (Normal) (G1 Evacuation Pause) 145M->69M(2052M) 28.585ms
[2020-11-12T14:16:41.761+0100] GC(6) Pause Young (Normal) (G1 Evacuation Pause) 157M->80M(2052M) 20.591ms
[2020-11-12T14:16:42.298+0100] GC(7) Pause Young (Normal) (G1 Evacuation Pause) 168M->91M(2052M) 19.386ms
[2020-11-12T14:16:42.829+0100] GC(8) Pause Young (Normal) (G1 Evacuation Pause) 187M->104M(2052M) 29.334ms
[2020-11-12T14:16:43.425+0100] GC(9) Pause Young (Normal) (G1 Evacuation Pause) 218M->119M(2052M) 27.296ms
[2020-11-12T14:16:44.057+0100] GC(10) Pause Young (Normal) (G1 Evacuation Pause) 239M->136M(2052M) 41.917ms
[2020-11-12T14:16:44.620+0100] GC(11) Pause Young (Normal) (G1 Evacuation Pause) 266M->153M(2052M) 32.951ms
[2020-11-12T14:16:45.290+0100] GC(12) Pause Young (Normal) (G1 Evacuation Pause) 297M->174M(2052M) 45.578ms
[2020-11-12T14:16:45.976+0100] GC(13) Pause Young (Normal) (G1 Evacuation Pause) 332M->195M(2052M) 35.920ms
[2020-11-12T14:16:46.650+0100] GC(14) Pause Young (Normal) (G1 Evacuation Pause) 371M->219M(2216M) 46.065ms
[2020-11-12T14:16:47.353+0100] GC(15) Pause Young (Normal) (G1 Evacuation Pause) 399M->244M(2216M) 47.191ms
[2020-11-12T14:16:48.160+0100] GC(16) Pause Young (Normal) (G1 Evacuation Pause) 440M->272M(2216M) 52.138ms
[2020-11-12T14:16:48.860+0100] GC(17) Pause Young (Normal) (G1 Evacuation Pause) 470M->300M(2216M) 33.592ms
[2020-11-12T14:16:49.571+0100] GC(18) Pause Young (Normal) (G1 Evacuation Pause) 512M->329M(2216M) 37.354ms
[2020-11-12T14:16:50.490+0100] GC(19) Pause Young (Normal) (G1 Evacuation Pause) 561M->362M(2216M) 51.233ms
[2020-11-12T14:16:51.328+0100] GC(20) Pause Young (Normal) (G1 Evacuation Pause) 610M->396M(2430M) 53.749ms
[2020-11-12T14:16:52.282+0100] GC(21) Pause Young (Normal) (G1 Evacuation Pause) 656M->432M(2430M) 49.331ms
[2020-11-12T14:16:53.265+0100] GC(22) Pause Young (Normal) (G1 Evacuation Pause) 708M->469M(2430M) 57.374ms
[2020-11-12T14:16:54.300+0100] GC(23) Pause Young (Normal) (G1 Evacuation Pause) 753M->509M(2430M) 52.679ms
[2020-11-12T14:16:55.291+0100] GC(24) Pause Young (Normal) (G1 Evacuation Pause) 811M->550M(2580M) 55.593ms
[2020-11-12T14:16:56.442+0100] GC(25) Pause Young (Normal) (G1 Evacuation Pause) 870M->594M(2580M) 58.181ms
[2020-11-12T14:16:57.615+0100] GC(26) Pause Young (Normal) (G1 Evacuation Pause) 942M->641M(2580M) 60.111ms
[2020-11-12T14:16:58.836+0100] GC(27) Pause Young (Normal) (G1 Evacuation Pause) 1011M->691M(2580M) 61.664ms
[2020-11-12T14:17:00.250+0100] GC(28) Pause Young (Normal) (G1 Evacuation Pause) 1081M->743M(2580M) 76.333ms
[2020-11-12T14:17:01.546+0100] GC(29) Pause Young (Normal) (G1 Evacuation Pause) 1123M->794M(2580M) 67.260ms
[2020-11-12T14:17:02.950+0100] GC(30) Pause Young (Normal) (G1 Evacuation Pause) 1212M->851M(2580M) 71.453ms
[2020-11-12T14:17:04.520+0100] GC(31) Pause Young (Normal) (G1 Evacuation Pause) 1273M->907M(2580M) 92.899ms
[2020-11-12T14:17:05.950+0100] GC(32) Pause Young (Normal) (G1 Evacuation Pause) 1331M->964M(2580M) 76.027ms
[2020-11-12T14:17:07.433+0100] GC(33) Pause Young (Normal) (G1 Evacuation Pause) 1390M->1021M(2580M) 82.372ms
[2020-11-12T14:17:08.895+0100] GC(34) Pause Young (Normal) (G1 Evacuation Pause) 1451M->1080M(2580M) 77.953ms
[2020-11-12T14:17:10.404+0100] GC(35) Pause Young (Normal) (G1 Evacuation Pause) 1522M->1138M(2580M) 86.007ms
[2020-11-12T14:17:11.742+0100] GC(36) Pause Young (Normal) (G1 Evacuation Pause) 1552M->1195M(2580M) 81.601ms
[2020-11-12T14:17:13.193+0100] GC(37) Pause Young (Normal) (G1 Evacuation Pause) 1647M->1254M(2580M) 75.530ms
[2020-11-12T14:17:14.772+0100] GC(38) Pause Young (Concurrent Start) (G1 Evacuation Pause) 1732M->1318M(2580M) 83.695ms
[2020-11-12T14:17:14.772+0100] GC(39) Concurrent Cycle
[2020-11-12T14:17:15.457+0100] GC(39) Pause Remark 1504M->1504M(2580M) 15.701ms
[2020-11-12T14:17:15.813+0100] GC(39) Pause Cleanup 1603M->1603M(2580M) 2.800ms
[2020-11-12T14:17:15.863+0100] GC(39) Concurrent Cycle 1090.422ms
[2020-11-12T14:17:16.062+0100] GC(40) Pause Young (Normal) (G1 Evacuation Pause) 1648M->1362M(2580M) 88.742ms
[2020-11-12T14:17:17.489+0100] GC(41) Pause Young (Concurrent Start) (G1 Evacuation Pause) 1812M->1423M(2580M) 67.912ms
[2020-11-12T14:17:17.489+0100] GC(42) Concurrent Cycle
[2020-11-12T14:17:18.347+0100] GC(42) Pause Remark 1655M->1655M(2580M) 8.973ms
[2020-11-12T14:17:18.864+0100] GC(43) Pause Young (Normal) (G1 Evacuation Pause) 1771M->1471M(2580M) 84.365ms
[2020-11-12T14:17:19.195+0100] GC(42) Pause Cleanup 1561M->1561M(2580M) 3.311ms
[2020-11-12T14:17:19.235+0100] GC(42) Concurrent Cycle 1745.720ms
[2020-11-12T14:17:20.212+0100] GC(44) Pause Young (Normal) (G1 Evacuation Pause) 1877M->1525M(2580M) 72.537ms
[2020-11-12T14:17:21.587+0100] GC(45) Pause Young (Concurrent Start) (G1 Evacuation Pause) 1989M->1588M(2580M) 83.774ms
[2020-11-12T14:17:21.587+0100] GC(46) Concurrent Cycle
[2020-11-12T14:17:22.270+0100] GC(46) Pause Remark 1778M->1778M(2580M) 7.727ms
[2020-11-12T14:17:22.750+0100] GC(47) Pause Young (Normal) (G1 Evacuation Pause) 1908M->1632M(2580M) 80.903ms
[2020-11-12T14:17:22.924+0100] GC(46) Pause Cleanup 1679M->1679M(2580M) 4.627ms
[2020-11-12T14:17:22.946+0100] GC(46) Concurrent Cycle 1358.587ms
[2020-11-12T14:17:24.099+0100] GC(48) Pause Young (Normal) (G1 Evacuation Pause) 2046M->1687M(2580M) 63.646ms
[2020-11-12T14:17:25.538+0100] GC(49) Pause Young (Concurrent Start) (G1 Evacuation Pause) 2123M->1746M(2580M) 73.329ms
[2020-11-12T14:17:25.538+0100] GC(50) Concurrent Cycle
[2020-11-12T14:17:26.302+0100] GC(50) Pause Remark 1971M->1971M(2580M) 6.745ms
[2020-11-12T14:17:26.833+0100] GC(51) Pause Young (Normal) (G1 Evacuation Pause) 2098M->1794M(2580M) 92.154ms
[2020-11-12T14:17:26.958+0100] GC(50) Pause Cleanup 1832M->1832M(2580M) 4.215ms
[2020-11-12T14:17:26.983+0100] GC(50) Concurrent Cycle 1444.777ms
[2020-11-12T14:17:27.558+0100] GC(52) Pause Young (Normal) (G1 Evacuation Pause) 2014M->1825M(2580M) 55.246ms
[2020-11-12T14:17:28.670+0100] GC(53) Pause Young (Concurrent Start) (G1 Evacuation Pause) 2163M->1869M(2580M) 49.603ms
[2020-11-12T14:17:28.670+0100] GC(54) Concurrent Cycle
[2020-11-12T14:17:29.363+0100] GC(54) Pause Remark 2068M->2068M(2580M) 6.795ms
[2020-11-12T14:17:29.637+0100] GC(55) Pause Young (Normal) (G1 Evacuation Pause) 2129M->1906M(2580M) 60.923ms
[2020-11-12T14:17:29.958+0100] GC(54) Pause Cleanup 1996M->1996M(2580M) 5.361ms
[2020-11-12T14:17:29.979+0100] GC(54) Concurrent Cycle 1308.610ms
[2020-11-12T14:17:30.618+0100] GC(56) Pause Young (Normal) (G1 Evacuation Pause) 2190M->1945M(2580M) 45.317ms
[2020-11-12T14:17:31.536+0100] GC(57) Pause Young (Concurrent Start) (G1 Evacuation Pause) 2203M->1980M(2580M) 53.904ms
[2020-11-12T14:17:31.536+0100] GC(58) Concurrent Cycle
[2020-11-12T14:17:32.219+0100] GC(58) Pause Remark 2173M->2173M(2580M) 6.761ms
[2020-11-12T14:17:32.416+0100] GC(59) Pause Young (Normal) (G1 Evacuation Pause) 2214M->2013M(2580M) 56.393ms
[2020-11-12T14:17:32.895+0100] GC(58) Pause Cleanup 2161M->2161M(2580M) 5.403ms
[2020-11-12T14:17:32.929+0100] GC(58) Concurrent Cycle 1393.594ms
[2020-11-12T14:17:33.156+0100] GC(60) Pause Young (Normal) (G1 Evacuation Pause) 2225M->2042M(2580M) 51.383ms
[2020-11-12T14:17:33.859+0100] GC(61) Pause Young (Concurrent Start) (G1 Evacuation Pause) 2232M->2069M(2580M) 36.886ms
[2020-11-12T14:17:33.859+0100] GC(62) Concurrent Cycle
[2020-11-12T14:17:34.548+0100] GC(63) Pause Young (Normal) (G1 Evacuation Pause) 2241M->2092M(2580M) 32.521ms
[2020-11-12T14:17:34.695+0100] GC(62) Pause Remark 2131M->2131M(2580M) 6.723ms
[2020-11-12T14:17:35.125+0100] GC(64) Pause Young (Normal) (G1 Evacuation Pause) 2248M->2115M(2580M) 37.830ms
[2020-11-12T14:17:35.428+0100] GC(62) Pause Cleanup 2200M->2200M(2580M) 6.630ms
[2020-11-12T14:17:35.448+0100] GC(62) Concurrent Cycle 1588.464ms
[2020-11-12T14:17:35.635+0100] GC(65) Pause Young (Normal) (G1 Evacuation Pause) 2257M->2136M(2580M) 30.711ms
[2020-11-12T14:17:36.049+0100] GC(66) Pause Young (Concurrent Start) (G1 Evacuation Pause) 2262M->2156M(2580M) 28.130ms
[2020-11-12T14:17:36.049+0100] GC(67) Concurrent Cycle
[2020-11-12T14:17:36.778+0100] GC(67) Pause Remark 2219M->2219M(2580M) 8.842ms
[2020-11-12T14:17:37.454+0100] GC(67) Pause Cleanup 2220M->2220M(2580M) 5.585ms
[2020-11-12T14:17:37.473+0100] GC(67) Concurrent Cycle 1423.427ms
[2020-11-12T14:18:09.391+0100] GC(68) Pause Young (Normal) (G1 Evacuation Pause) 2268M->2171M(2580M) 26.399ms
[2020-11-12T14:18:10.776+0100] GC(69) Pause Young (Concurrent Start) (G1 Evacuation Pause) 2281M->2181M(2580M) 18.124ms
[2020-11-12T14:18:10.777+0100] GC(70) Concurrent Cycle
[2020-11-12T14:18:11.549+0100] GC(70) Pause Remark 2246M->2246M(2580M) 6.637ms
[2020-11-12T14:18:12.070+0100] GC(71) Pause Young (Normal) (G1 Evacuation Pause) 2293M->2188M(2580M) 25.205ms
[2020-11-12T14:18:12.316+0100] GC(70) Pause Cleanup 2216M->2216M(2580M) 7.901ms
[2020-11-12T14:18:12.356+0100] GC(70) Concurrent Cycle 1579.221ms
[2020-11-12T14:18:13.146+0100] GC(72) Pause Young (Normal) (G1 Evacuation Pause) 2302M->2198M(2580M) 22.570ms
[2020-11-12T14:18:14.147+0100] GC(73) Pause Young (Concurrent Start) (G1 Evacuation Pause) 2310M->2207M(2580M) 16.756ms
[2020-11-12T14:18:14.147+0100] GC(74) Concurrent Cycle
[2020-11-12T14:18:14.891+0100] GC(74) Pause Remark 2296M->2296M(2580M) 11.698ms
[2020-11-12T14:18:15.109+0100] GC(75) Pause Young (Normal) (G1 Evacuation Pause) 2319M->2214M(2580M) 38.431ms
[2020-11-12T14:18:15.614+0100] GC(74) Pause Cleanup 2281M->2281M(2580M) 5.565ms
[2020-11-12T14:18:15.639+0100] GC(74) Concurrent Cycle 1492.081ms
[2020-11-12T14:18:15.995+0100] GC(76) Pause Young (Normal) (G1 Evacuation Pause) 2326M->2222M(2580M) 22.547ms
[2020-11-12T14:18:16.829+0100] GC(77) Pause Young (Concurrent Start) (G1 Evacuation Pause) 2334M->2231M(2580M) 16.874ms
[2020-11-12T14:18:16.829+0100] GC(78) Concurrent Cycle
[2020-11-12T14:18:17.612+0100] GC(79) Pause Young (Normal) (G1 Evacuation Pause) 2343M->2239M(2580M) 14.925ms
[2020-11-12T14:18:18.088+0100] GC(78) Pause Remark 2312M->2312M(2580M) 7.689ms
[2020-11-12T14:18:18.358+0100] GC(80) Pause Young (Normal) (G1 Evacuation Pause) 2351M->2247M(2580M) 19.812ms
[2020-11-12T14:18:19.011+0100] GC(78) Pause Cleanup 2350M->2350M(2580M) 6.551ms
[2020-11-12T14:18:19.030+0100] GC(78) Concurrent Cycle 2201.431ms
[2020-11-12T14:18:19.078+0100] GC(81) Pause Young (Normal) (G1 Evacuation Pause) 2359M->2255M(2580M) 15.213ms
[2020-11-12T14:18:19.813+0100] GC(82) Pause Young (Concurrent Start) (G1 Evacuation Pause) 2369M->2264M(2580M) 16.372ms
[2020-11-12T14:18:19.813+0100] GC(83) Concurrent Cycle
[2020-11-12T14:18:20.542+0100] GC(84) Pause Young (Normal) (G1 Evacuation Pause) 2376M->2272M(2580M) 19.252ms
[2020-11-12T14:18:21.234+0100] GC(85) Pause Young (Normal) (G1 Evacuation Pause) 2384M->2280M(2580M) 16.370ms
[2020-11-12T14:18:21.457+0100] GC(83) Pause Remark 2320M->2320M(2580M) 6.010ms
[2020-11-12T14:18:21.883+0100] GC(86) Pause Young (Normal) (G1 Evacuation Pause) 2392M->2288M(2580M) 19.564ms
[2020-11-12T14:18:22.447+0100] GC(87) Pause Young (Normal) (G1 Evacuation Pause) 2400M->2297M(2580M) 25.621ms
[2020-11-12T14:18:22.541+0100] GC(83) Pause Cleanup 2315M->2315M(2580M) 6.683ms
[2020-11-12T14:18:22.561+0100] GC(83) Concurrent Cycle 2748.275ms
[2020-11-12T14:18:22.970+0100] GC(88) Pause Young (Normal) (G1 Evacuation Pause) 2409M->2305M(2580M) 28.177ms
[2020-11-12T14:18:23.460+0100] GC(89) Pause Young (Concurrent Start) (G1 Evacuation Pause) 2417M->2313M(2580M) 17.849ms
[2020-11-12T14:18:23.460+0100] GC(90) Concurrent Cycle
[2020-11-12T14:18:23.993+0100] GC(91) Pause Young (Normal) (G1 Evacuation Pause) 2425M->2322M(2580M) 25.155ms
[2020-11-12T14:18:24.472+0100] GC(92) Pause Young (Normal) (G1 Evacuation Pause) 2434M->2329M(2580M) 15.820ms
[2020-11-12T14:18:24.562+0100] GC(90) Pause Remark 2349M->2349M(2580M) 7.139ms
[2020-11-12T14:18:24.966+0100] GC(93) Pause Young (Normal) (G1 Evacuation Pause) 2441M->2338M(2580M) 19.067ms
[2020-11-12T14:18:25.433+0100] GC(94) Pause Young (Normal) (G1 Evacuation Pause) 2450M->2347M(2580M) 23.478ms
[2020-11-12T14:18:25.537+0100] GC(90) Pause Cleanup 2373M->2373M(2580M) 4.675ms
[2020-11-12T14:18:25.557+0100] GC(90) Concurrent Cycle 2096.396ms
[2020-11-12T14:18:25.898+0100] GC(95) Pause Young (Prepare Mixed) (G1 Evacuation Pause) 2459M->2354M(2580M) 17.858ms
[2020-11-12T14:18:26.355+0100] GC(96) Pause Young (Mixed) (G1 Evacuation Pause) 2466M->2349M(2580M) 24.476ms
[2020-11-12T14:18:26.804+0100] GC(97) Pause Young (Concurrent Start) (G1 Evacuation Pause) 2461M->2358M(2580M) 21.305ms
[2020-11-12T14:18:26.804+0100] GC(98) Concurrent Cycle
[2020-11-12T14:18:27.264+0100] GC(99) Pause Young (Normal) (G1 Evacuation Pause) 2470M->2366M(2580M) 16.622ms
[2020-11-12T14:18:27.659+0100] GC(98) Pause Remark 2464M->2464M(2580M) 7.133ms
[2020-11-12T14:18:27.729+0100] GC(100) Pause Young (Normal) (G1 Evacuation Pause) 2478M->2375M(2580M) 19.483ms
[2020-11-12T14:18:28.204+0100] GC(101) Pause Young (Normal) (G1 Evacuation Pause) 2487M->2382M(2580M) 32.084ms
[2020-11-12T14:18:28.525+0100] GC(98) Pause Cleanup 2463M->2463M(2580M) 5.965ms
[2020-11-12T14:18:28.546+0100] GC(98) Concurrent Cycle 1742.778ms
[2020-11-12T14:18:28.661+0100] GC(102) Pause Young (Prepare Mixed) (G1 Evacuation Pause) 2494M->2391M(2580M) 18.545ms
[2020-11-12T14:18:29.155+0100] GC(103) Pause Young (Mixed) (G1 Evacuation Pause) 2503M->2375M(2580M) 35.514ms
[2020-11-12T14:18:29.633+0100] GC(104) Pause Young (Concurrent Start) (G1 Evacuation Pause) 2487M->2383M(2580M) 19.679ms
[2020-11-12T14:18:29.634+0100] GC(105) Concurrent Cycle
[2020-11-12T14:18:30.102+0100] GC(106) Pause Young (Normal) (G1 Evacuation Pause) 2497M->2392M(2580M) 17.578ms
[2020-11-12T14:18:30.443+0100] GC(105) Pause Remark 2475M->2475M(2580M) 7.935ms
[2020-11-12T14:18:30.573+0100] GC(107) Pause Young (Normal) (G1 Evacuation Pause) 2504M->2401M(2580M) 24.021ms
[2020-11-12T14:18:31.055+0100] GC(108) Pause Young (Normal) (G1 Evacuation Pause) 2513M->2408M(2580M) 22.734ms
[2020-11-12T14:18:31.266+0100] GC(105) Pause Cleanup 2462M->2462M(2580M) 5.591ms
[2020-11-12T14:18:31.286+0100] GC(105) Concurrent Cycle 1652.298ms
[2020-11-12T14:18:31.522+0100] GC(109) Pause Young (Prepare Mixed) (G1 Evacuation Pause) 2522M->2416M(2580M) 17.676ms
[2020-11-12T14:18:32.017+0100] GC(110) Pause Young (Mixed) (G1 Evacuation Pause) 2528M->2403M(2580M) 37.273ms
[2020-11-12T14:18:32.500+0100] GC(111) Pause Young (Concurrent Start) (G1 Evacuation Pause) 2517M->2413M(2580M) 17.153ms
[2020-11-12T14:18:32.500+0100] GC(112) Concurrent Cycle
[2020-11-12T14:18:32.988+0100] GC(113) Pause Young (Normal) (G1 Evacuation Pause) 2525M->2421M(2580M) 23.946ms
[2020-11-12T14:18:33.299+0100] GC(112) Pause Remark 2498M->2498M(2580M) 8.412ms
[2020-11-12T14:18:33.472+0100] GC(114) Pause Young (Normal) (G1 Evacuation Pause) 2535M->2429M(2580M) 18.968ms
[2020-11-12T14:18:33.972+0100] GC(115) Pause Young (Normal) (G1 Evacuation Pause) 2543M->2438M(2580M) 21.544ms
[2020-11-12T14:18:34.138+0100] GC(112) Pause Cleanup 2477M->2477M(2580M) 4.980ms
[2020-11-12T14:18:34.171+0100] GC(112) Concurrent Cycle 1671.222ms
[2020-11-12T14:18:34.478+0100] GC(116) Pause Young (Prepare Mixed) (G1 Evacuation Pause) 2552M->2446M(2580M) 16.627ms
[2020-11-12T14:18:59.266+0100] GC(117) Pause Young (Mixed) (G1 Evacuation Pause) 2562M->2430M(2614M) 50.786ms
[2020-11-12T14:19:00.555+0100] GC(118) Pause Young (Concurrent Start) (G1 Evacuation Pause) 2544M->2439M(2614M) 18.370ms
[2020-11-12T14:19:00.555+0100] GC(119) Concurrent Cycle
[2020-11-12T14:19:01.544+0100] GC(119) Pause Remark 2529M->2529M(2614M) 6.725ms
[2020-11-12T14:19:01.833+0100] GC(120) Pause Young (Normal) (G1 Evacuation Pause) 2555M->2448M(2614M) 18.803ms
[2020-11-12T14:19:02.437+0100] GC(119) Pause Cleanup 2509M->2509M(2614M) 4.834ms
[2020-11-12T14:19:02.458+0100] GC(119) Concurrent Cycle 1903.219ms
[2020-11-12T14:19:02.933+0100] GC(121) Pause Young (Prepare Mixed) (G1 Evacuation Pause) 2562M->2456M(2614M) 18.481ms
[2020-11-12T14:19:04.001+0100] GC(122) Pause Young (Mixed) (G1 Evacuation Pause) 2572M->2412M(2658M) 69.686ms
[2020-11-12T14:19:04.873+0100] GC(123) Pause Young (Mixed) (G1 Evacuation Pause) 2530M->2398M(2658M) 60.320ms
[2020-11-12T14:19:05.571+0100] GC(124) Pause Young (Concurrent Start) (G1 Evacuation Pause) 2514M->2409M(2658M) 19.340ms
[2020-11-12T14:19:05.571+0100] GC(125) Concurrent Cycle
[2020-11-12T14:19:06.286+0100] GC(126) Pause Young (Normal) (G1 Evacuation Pause) 2525M->2419M(2658M) 24.737ms
[2020-11-12T14:19:06.668+0100] GC(125) Pause Remark 2488M->2488M(2658M) 8.163ms
[2020-11-12T14:19:06.937+0100] GC(127) Pause Young (Normal) (G1 Evacuation Pause) 2535M->2426M(2658M) 20.463ms
[2020-11-12T14:19:07.537+0100] GC(128) Pause Young (Normal) (G1 Evacuation Pause) 2542M->2435M(2658M) 25.326ms
[2020-11-12T14:19:07.861+0100] GC(125) Pause Cleanup 2501M->2501M(2658M) 3.880ms
[2020-11-12T14:19:07.887+0100] GC(125) Concurrent Cycle 2316.217ms
[2020-11-12T14:19:08.117+0100] GC(129) Pause Young (Prepare Mixed) (G1 Evacuation Pause) 2551M->2443M(2658M) 21.403ms
[2020-11-12T14:19:08.707+0100] GC(130) Pause Young (Mixed) (G1 Evacuation Pause) 2559M->2405M(2700M) 105.885ms
[2020-11-12T14:19:09.213+0100] GC(131) Pause Young (Mixed) (G1 Evacuation Pause) 2523M->2382M(2700M) 97.300ms
[2020-11-12T14:19:09.698+0100] GC(132) Pause Young (Mixed) (G1 Evacuation Pause) 2500M->2373M(2700M) 79.121ms
[2020-11-12T14:19:10.141+0100] GC(133) Pause Young (Normal) (G1 Evacuation Pause) 2491M->2384M(2700M) 20.134ms
[2020-11-12T14:19:10.573+0100] GC(134) Pause Young (Normal) (G1 Evacuation Pause) 2502M->2394M(2700M) 13.779ms
[2020-11-12T14:19:10.995+0100] GC(135) Pause Young (Concurrent Start) (G1 Evacuation Pause) 2512M->2403M(2700M) 14.296ms
[2020-11-12T14:19:10.995+0100] GC(136) Concurrent Cycle
[2020-11-12T14:19:11.522+0100] GC(137) Pause Young (Normal) (G1 Evacuation Pause) 2521M->2413M(2700M) 29.151ms
[2020-11-12T14:19:12.001+0100] GC(138) Pause Young (Normal) (G1 Evacuation Pause) 2529M->2421M(2700M) 22.506ms
[2020-11-12T14:19:12.368+0100] GC(136) Pause Remark 2517M->2517M(2700M) 8.229ms
[2020-11-12T14:19:12.666+0100] GC(139) Pause Young (Normal) (G1 Evacuation Pause) 2539M->2431M(2700M) 33.181ms
[2020-11-12T14:19:13.106+0100] GC(140) Pause Young (Normal) (G1 Evacuation Pause) 2549M->2439M(2700M) 28.230ms
[2020-11-12T14:19:13.560+0100] GC(141) Pause Young (Normal) (G1 Evacuation Pause) 2557M->2448M(2700M) 39.101ms
[2020-11-12T14:19:13.571+0100] GC(136) Pause Cleanup 2452M->2452M(2700M) 3.493ms
[2020-11-12T14:19:13.596+0100] GC(136) Concurrent Cycle 2600.421ms
[2020-11-12T14:19:13.984+0100] GC(142) Pause Young (Prepare Mixed) (G1 Evacuation Pause) 2566M->2457M(2838M) 23.544ms
[2020-11-12T14:19:14.470+0100] GC(143) Pause Young (Mixed) (G1 Evacuation Pause) 2581M->2459M(2838M) 29.131ms
[2020-11-12T14:19:14.915+0100] GC(144) Pause Young (Normal) (G1 Evacuation Pause) 2583M->2468M(2838M) 16.500ms
[2020-11-12T14:19:15.345+0100] GC(145) Pause Young (Normal) (G1 Evacuation Pause) 2592M->2478M(2838M) 18.018ms
[2020-11-12T14:19:15.774+0100] GC(146) Pause Young (Concurrent Start) (G1 Evacuation Pause) 2602M->2487M(2838M) 18.723ms
[2020-11-12T14:19:15.774+0100] GC(147) Concurrent Cycle
[2020-11-12T14:19:16.227+0100] GC(148) Pause Young (Normal) (G1 Evacuation Pause) 2611M->2497M(2838M) 15.806ms
[2020-11-12T14:19:16.637+0100] GC(149) Pause Young (Normal) (G1 Evacuation Pause) 2621M->2506M(2838M) 17.425ms
[2020-11-12T14:19:17.081+0100] GC(150) Pause Young (Normal) (G1 Evacuation Pause) 2630M->2515M(2838M) 15.301ms
[2020-11-12T14:19:17.262+0100] GC(147) Pause Remark 2569M->2569M(2838M) 16.533ms
[2020-11-12T14:19:17.515+0100] GC(151) Pause Young (Normal) (G1 Evacuation Pause) 2639M->2525M(2838M) 31.865ms
[2020-11-12T14:19:17.929+0100] GC(152) Pause Young (Normal) (G1 Evacuation Pause) 2649M->2535M(2838M) 27.489ms
[2020-11-12T14:19:18.362+0100] GC(153) Pause Young (Normal) (G1 Evacuation Pause) 2657M->2543M(2838M) 27.090ms
[2020-11-12T14:19:18.367+0100] GC(147) Pause Cleanup 2545M->2545M(2838M) 2.175ms
[2020-11-12T14:19:18.391+0100] GC(147) Concurrent Cycle 2617.496ms
[2020-11-12T14:19:18.785+0100] GC(154) Pause Young (Prepare Mixed) (G1 Evacuation Pause) 2667M->2552M(2838M) 33.553ms
[2020-11-12T14:19:19.354+0100] GC(155) Pause Young (Mixed) (G1 Evacuation Pause) 2676M->2494M(2882M) 167.096ms
[2020-11-12T14:19:19.909+0100] GC(156) Pause Young (Mixed) (G1 Evacuation Pause) 2622M->2451M(2882M) 129.222ms
[2020-11-12T14:19:20.492+0100] GC(157) Pause Young (Mixed) (G1 Evacuation Pause) 2577M->2408M(3596M) 149.918ms
[2020-11-12T14:19:21.213+0100] GC(158) Pause Young (Mixed) (G1 Evacuation Pause) 2570M->2368M(3596M) 145.999ms
[2020-11-12T14:19:21.790+0100] GC(159) Pause Young (Mixed) (G1 Evacuation Pause) 2528M->2377M(3596M) 42.289ms
[2020-11-12T14:19:23.573+0100] GC(160) Pause Young (Normal) (G1 Evacuation Pause) 2991M->2418M(3596M) 49.242ms
[2020-11-12T14:19:25.368+0100] GC(161) Pause Young (Normal) (G1 Evacuation Pause) 3028M->2457M(3596M) 58.998ms
[2020-11-12T14:19:27.055+0100] GC(162) Pause Young (Normal) (G1 Evacuation Pause) 3051M->2493M(3596M) 53.347ms
[2020-11-12T14:19:28.665+0100] GC(163) Pause Young (Normal) (G1 Evacuation Pause) 3067M->2532M(3596M) 49.103ms
[2020-11-12T14:19:29.936+0100] GC(164) Pause Young (Normal) (G1 Evacuation Pause) 3082M->2566M(3596M) 44.399ms
[2020-11-12T14:19:31.146+0100] GC(165) Pause Young (Normal) (G1 Evacuation Pause) 3092M->2602M(3596M) 45.246ms
[2020-11-12T14:19:32.351+0100] GC(166) Pause Young (Normal) (G1 Evacuation Pause) 3102M->2635M(3596M) 46.118ms
[2020-11-12T14:19:33.519+0100] GC(167) Pause Young (Normal) (G1 Evacuation Pause) 3107M->2666M(3596M) 39.256ms
[2020-11-12T14:19:34.657+0100] GC(168) Pause Young (Normal) (G1 Evacuation Pause) 3116M->2695M(3596M) 44.258ms
[2020-11-12T14:19:35.780+0100] GC(169) Pause Young (Normal) (G1 Evacuation Pause) 3123M->2725M(3596M) 36.107ms
[2020-11-12T14:19:36.745+0100] GC(170) Pause Young (Normal) (G1 Evacuation Pause) 3129M->2752M(3596M) 35.592ms
[2020-11-12T14:19:37.659+0100] GC(171) Pause Young (Normal) (G1 Evacuation Pause) 3134M->2778M(3596M) 35.647ms
[2020-11-12T14:19:38.528+0100] GC(172) Pause Young (Normal) (G1 Evacuation Pause) 3140M->2805M(3596M) 34.512ms
[2020-11-12T14:19:39.324+0100] GC(173) Pause Young (Normal) (G1 Evacuation Pause) 3145M->2828M(3596M) 36.512ms
[2020-11-12T14:19:40.067+0100] GC(174) Pause Young (Normal) (G1 Evacuation Pause) 3148M->2852M(3596M) 38.507ms
[2020-11-12T14:19:40.833+0100] GC(175) Pause Young (Normal) (G1 Evacuation Pause) 3152M->2874M(3596M) 29.877ms
[2020-11-12T14:19:41.513+0100] GC(176) Pause Young (Normal) (G1 Evacuation Pause) 3156M->2895M(3596M) 28.869ms
[2020-11-12T14:19:42.144+0100] GC(177) Pause Young (Normal) (G1 Evacuation Pause) 3157M->2913M(3596M) 26.743ms
[2020-11-12T14:19:42.731+0100] GC(178) Pause Young (Normal) (G1 Evacuation Pause) 3161M->2930M(3596M) 30.398ms
[2020-11-12T14:19:43.302+0100] GC(179) Pause Young (Normal) (G1 Evacuation Pause) 3164M->2949M(3596M) 24.509ms
[2020-11-12T14:19:43.827+0100] GC(180) Pause Young (Normal) (G1 Evacuation Pause) 3169M->2964M(3596M) 22.903ms
[2020-11-12T14:19:44.345+0100] GC(181) Pause Young (Normal) (G1 Evacuation Pause) 3172M->2979M(3596M) 21.461ms
[2020-11-12T14:19:44.842+0100] GC(182) Pause Young (Normal) (G1 Evacuation Pause) 3173M->2992M(3596M) 21.137ms
[2020-11-12T14:19:45.298+0100] GC(183) Pause Young (Normal) (G1 Evacuation Pause) 3176M->3007M(3596M) 20.390ms
[2020-11-12T14:19:45.703+0100] GC(184) Pause Young (Normal) (G1 Evacuation Pause) 3179M->3020M(3596M) 19.728ms
[2020-11-12T14:19:46.083+0100] GC(185) Pause Young (Normal) (G1 Evacuation Pause) 3182M->3031M(3596M) 23.376ms
[2020-11-12T14:19:46.499+0100] GC(186) Pause Young (Normal) (G1 Evacuation Pause) 3189M->3042M(3596M) 20.535ms
[2020-11-12T14:19:46.880+0100] GC(187) Pause Young (Normal) (G1 Evacuation Pause) 3202M->3056M(3596M) 18.742ms
[2020-11-12T14:19:47.264+0100] GC(188) Pause Young (Normal) (G1 Evacuation Pause) 3214M->3068M(3596M) 20.294ms
[2020-11-12T14:19:47.626+0100] GC(189) Pause Young (Concurrent Start) (G1 Evacuation Pause) 3226M->3080M(3596M) 19.163ms
[2020-11-12T14:19:47.627+0100] GC(190) Concurrent Cycle
[2020-11-12T14:19:48.043+0100] GC(191) Pause Young (Normal) (G1 Evacuation Pause) 3238M->3092M(3596M) 18.334ms
[2020-11-12T14:19:48.461+0100] GC(192) Pause Young (Normal) (G1 Evacuation Pause) 3250M->3104M(3596M) 22.749ms
[2020-11-12T14:19:48.918+0100] GC(193) Pause Young (Normal) (G1 Evacuation Pause) 3262M->3116M(3596M) 20.236ms
[2020-11-12T14:19:49.111+0100] GC(190) Pause Remark 3174M->3174M(3596M) 7.697ms
[2020-11-12T14:19:49.396+0100] GC(194) Pause Young (Normal) (G1 Evacuation Pause) 3274M->3125M(3596M) 29.622ms
[2020-11-12T14:19:49.830+0100] GC(195) Pause Young (Normal) (G1 Evacuation Pause) 3285M->3139M(3596M) 34.310ms
[2020-11-12T14:19:50.233+0100] GC(196) Pause Young (Normal) (G1 Evacuation Pause) 3297M->3151M(3596M) 34.620ms
[2020-11-12T14:19:50.298+0100] GC(190) Pause Cleanup 3179M->3179M(3596M) 1.977ms
[2020-11-12T14:19:50.352+0100] GC(190) Concurrent Cycle 2725.629ms
[2020-11-12T14:19:50.616+0100] GC(197) Pause Young (Prepare Mixed) (G1 Evacuation Pause) 3309M->3163M(3596M) 27.941ms
[2020-11-12T14:19:51.079+0100] GC(198) Pause Young (Mixed) (G1 Evacuation Pause) 3321M->2996M(3596M) 128.762ms
[2020-11-12T14:19:51.630+0100] GC(199) Pause Young (Mixed) (G1 Evacuation Pause) 3154M->2858M(3596M) 166.839ms
[2020-11-12T14:19:52.186+0100] GC(200) Pause Young (Mixed) (G1 Evacuation Pause) 3016M->2725M(4176M) 175.161ms
[2020-11-12T14:19:52.858+0100] GC(201) Pause Young (Mixed) (G1 Evacuation Pause) 2913M->2597M(4176M) 177.019ms
[2020-11-12T14:19:53.460+0100] GC(202) Pause Young (Mixed) (G1 Evacuation Pause) 2783M->2482M(4176M) 171.414ms
[2020-11-12T14:19:54.083+0100] GC(203) Pause Young (Mixed) (G1 Evacuation Pause) 2668M->2396M(4176M) 167.047ms
[2020-11-12T14:19:55.772+0100] GC(204) Pause Young (Normal) (G1 Evacuation Pause) 3078M->2441M(4964M) 43.396ms
[2020-11-12T14:19:57.580+0100] GC(205) Pause Young (Normal) (G1 Evacuation Pause) 3121M->2483M(4964M) 69.967ms
[2020-11-12T14:19:59.290+0100] GC(206) Pause Young (Normal) (G1 Evacuation Pause) 3207M->2530M(4964M) 54.355ms
[2020-11-12T14:20:01.118+0100] GC(207) Pause Young (Normal) (G1 Evacuation Pause) 3314M->2580M(4964M) 55.584ms
[2020-11-12T14:20:04.402+0100] GC(208) Pause Young (Normal) (G1 Evacuation Pause) 3950M->2661M(4964M) 98.735ms
[2020-11-12T14:20:05.908+0100] GC(209) Pause Young (Normal) (G1 Evacuation Pause) 3305M->2696M(4964M) 103.838ms
[2020-11-12T14:20:08.101+0100] GC(210) Pause Young (Normal) (G1 Evacuation Pause) 3574M->2751M(4964M) 109.901ms
[2020-11-12T14:20:08.659+0100] GC(211) Pause Young (Normal) (G1 Evacuation Pause) 2965M->2764M(4964M) 65.127ms
[2020-11-12T14:20:11.596+0100] GC(212) Pause Young (Normal) (G1 Evacuation Pause) 3880M->2836M(4964M) 88.935ms
[2020-11-12T14:20:12.947+0100] GC(213) Pause Young (Normal) (G1 Evacuation Pause) 3324M->2867M(4964M) 67.030ms
[2020-11-12T14:20:15.632+0100] GC(214) Pause Young (Normal) (G1 Evacuation Pause) 3975M->2934M(4964M) 71.368ms
[2020-11-12T14:20:17.001+0100] GC(215) Pause Young (Normal) (G1 Evacuation Pause) 3482M->2966M(4964M) 80.864ms
[2020-11-12T14:20:19.082+0100] GC(216) Pause Young (Normal) (G1 Evacuation Pause) 3850M->3021M(4964M) 51.452ms
[2020-11-12T14:20:20.739+0100] GC(217) Pause Young (Normal) (G1 Evacuation Pause) 3735M->3065M(4964M) 86.891ms
[2020-11-12T14:20:23.195+0100] GC(218) Pause Young (Normal) (G1 Evacuation Pause) 4119M->3128M(4964M) 67.404ms
[2020-11-12T14:20:24.933+0100] GC(219) Pause Young (Normal) (G1 Evacuation Pause) 3840M->3172M(4964M) 97.964ms
[2020-11-12T14:20:27.246+0100] GC(220) Pause Young (Normal) (G1 Evacuation Pause) 4132M->3229M(4964M) 58.836ms
[2020-11-12T14:20:29.120+0100] GC(221) Pause Young (Normal) (G1 Evacuation Pause) 3993M->3276M(4964M) 102.404ms
[2020-11-12T14:20:31.209+0100] GC(222) Pause Young (Normal) (G1 Evacuation Pause) 4178M->3330M(4964M) 59.041ms
[2020-11-12T14:20:33.093+0100] GC(223) Pause Young (Normal) (G1 Evacuation Pause) 4088M->3373M(4964M) 96.794ms
[2020-11-12T14:20:35.168+0100] GC(224) Pause Young (Normal) (G1 Evacuation Pause) 4245M->3427M(4964M) 64.372ms
[2020-11-12T14:20:37.139+0100] GC(225) Pause Young (Normal) (G1 Evacuation Pause) 4221M->3474M(4964M) 91.741ms
[2020-11-12T14:20:39.073+0100] GC(226) Pause Young (Normal) (G1 Evacuation Pause) 4276M->3523M(4964M) 63.304ms
[2020-11-12T14:20:40.867+0100] GC(227) Pause Young (Normal) (G1 Evacuation Pause) 4287M->3571M(4964M) 60.199ms
[2020-11-12T14:20:42.588+0100] GC(228) Pause Young (Normal) (G1 Evacuation Pause) 4295M->3618M(4964M) 63.521ms
[2020-11-12T14:20:44.226+0100] GC(229) Pause Young (Normal) (G1 Evacuation Pause) 4304M->3662M(4964M) 62.561ms
[2020-11-12T14:20:45.715+0100] GC(230) Pause Young (Normal) (G1 Evacuation Pause) 4312M->3702M(4964M) 66.700ms
[2020-11-12T14:20:47.162+0100] GC(231) Pause Young (Normal) (G1 Evacuation Pause) 4318M->3741M(4964M) 73.453ms
[2020-11-12T14:20:48.572+0100] GC(232) Pause Young (Normal) (G1 Evacuation Pause) 4323M->3781M(4964M) 60.770ms
[2020-11-12T14:20:49.869+0100] GC(233) Pause Young (Normal) (G1 Evacuation Pause) 4329M->3816M(4964M) 72.231ms
[2020-11-12T14:20:51.160+0100] GC(234) Pause Young (Normal) (G1 Evacuation Pause) 4336M->3848M(4964M) 47.865ms
[2020-11-12T14:20:52.283+0100] GC(235) Pause Young (Normal) (G1 Evacuation Pause) 4342M->3883M(4964M) 46.359ms
[2020-11-12T14:20:53.400+0100] GC(236) Pause Young (Normal) (G1 Evacuation Pause) 4347M->3914M(4964M) 42.343ms
[2020-11-12T14:20:54.448+0100] GC(237) Pause Young (Normal) (G1 Evacuation Pause) 4354M->3944M(4964M) 46.373ms
[2020-11-12T14:20:55.442+0100] GC(238) Pause Young (Normal) (G1 Evacuation Pause) 4358M->3970M(4964M) 38.618ms
[2020-11-12T14:20:56.362+0100] GC(239) Pause Young (Normal) (G1 Evacuation Pause) 4362M->3998M(4964M) 39.427ms
[2020-11-12T14:20:57.227+0100] GC(240) Pause Young (Normal) (G1 Evacuation Pause) 4368M->4023M(4964M) 35.460ms
[2020-11-12T14:20:58.038+0100] GC(241) Pause Young (Normal) (G1 Evacuation Pause) 4371M->4049M(4964M) 37.544ms
[2020-11-12T14:20:58.785+0100] GC(242) Pause Young (Normal) (G1 Evacuation Pause) 4375M->4072M(4964M) 32.933ms
[2020-11-12T14:20:59.590+0100] GC(243) Pause Young (Normal) (G1 Evacuation Pause) 4380M->4094M(4964M) 32.980ms
[2020-11-12T14:21:00.272+0100] GC(244) Pause Young (Normal) (G1 Evacuation Pause) 4384M->4115M(4964M) 35.292ms
[2020-11-12T14:21:00.908+0100] GC(245) Pause Young (Normal) (G1 Evacuation Pause) 4387M->4133M(4964M) 28.994ms
[2020-11-12T14:21:01.504+0100] GC(246) Pause Young (Normal) (G1 Evacuation Pause) 4391M->4153M(4964M) 26.800ms
[2020-11-12T14:21:02.059+0100] GC(247) Pause Young (Normal) (G1 Evacuation Pause) 4395M->4170M(4964M) 30.419ms
[2020-11-12T14:21:02.583+0100] GC(248) Pause Young (Normal) (G1 Evacuation Pause) 4398M->4187M(4964M) 25.569ms
[2020-11-12T14:21:03.134+0100] GC(249) Pause Young (Normal) (G1 Evacuation Pause) 4411M->4203M(4964M) 23.888ms
[2020-11-12T14:21:03.683+0100] GC(250) Pause Young (Normal) (G1 Evacuation Pause) 4427M->4219M(4964M) 23.849ms
[2020-11-12T14:21:04.202+0100] GC(251) Pause Young (Normal) (G1 Evacuation Pause) 4443M->4235M(4964M) 24.915ms
[2020-11-12T14:21:04.714+0100] GC(252) Pause Young (Normal) (G1 Evacuation Pause) 4459M->4251M(4964M) 24.796ms
[2020-11-12T14:21:05.246+0100] GC(253) Pause Young (Concurrent Start) (G1 Evacuation Pause) 4475M->4268M(4964M) 26.506ms
[2020-11-12T14:21:05.246+0100] GC(254) Concurrent Cycle
[2020-11-12T14:21:05.828+0100] GC(255) Pause Young (Normal) (G1 Evacuation Pause) 4490M->4284M(4964M) 27.039ms
[2020-11-12T14:21:06.408+0100] GC(256) Pause Young (Normal) (G1 Evacuation Pause) 4506M->4298M(4964M) 23.143ms
[2020-11-12T14:21:06.980+0100] GC(257) Pause Young (Normal) (G1 Evacuation Pause) 4522M->4314M(4964M) 25.136ms
[2020-11-12T14:21:07.091+0100] GC(254) Pause Remark 4349M->4349M(4964M) 8.017ms
[2020-11-12T14:21:07.550+0100] GC(258) Pause Young (Normal) (G1 Evacuation Pause) 4538M->4331M(4964M) 35.284ms
[2020-11-12T14:21:08.085+0100] GC(259) Pause Young (Normal) (G1 Evacuation Pause) 4555M->4347M(4964M) 38.846ms
[2020-11-12T14:21:08.667+0100] GC(260) Pause Young (Normal) (G1 Evacuation Pause) 4571M->4363M(4964M) 40.678ms
[2020-11-12T14:21:08.825+0100] GC(254) Pause Cleanup 4426M->4426M(4964M) 2.489ms
[2020-11-12T14:21:08.920+0100] GC(254) Concurrent Cycle 3673.901ms
[2020-11-12T14:21:09.229+0100] GC(261) Pause Young (Prepare Mixed) (G1 Evacuation Pause) 4587M->4379M(4964M) 35.405ms
[2020-11-12T14:21:09.868+0100] GC(262) Pause Young (Mixed) (G1 Evacuation Pause) 4603M->4036M(4964M) 129.677ms
[2020-11-12T14:21:10.542+0100] GC(263) Pause Young (Mixed) (G1 Evacuation Pause) 4260M->3751M(4964M) 157.483ms
[2020-11-12T14:21:11.246+0100] GC(264) Pause Young (Mixed) (G1 Evacuation Pause) 3975M->3477M(4964M) 171.376ms
[2020-11-12T14:21:11.977+0100] GC(265) Pause Young (Mixed) (G1 Evacuation Pause) 3701M->3190M(4964M) 180.081ms
[2020-11-12T14:21:12.708+0100] GC(266) Pause Young (Mixed) (G1 Evacuation Pause) 3414M->2921M(5318M) 207.605ms
[2020-11-12T14:21:13.577+0100] GC(267) Pause Young (Mixed) (G1 Evacuation Pause) 3161M->2671M(5318M) 233.851ms
[2020-11-12T14:21:14.298+0100] GC(268) Pause Young (Mixed) (G1 Evacuation Pause) 2909M->2518M(5318M) 174.535ms
[2020-11-12T14:21:15.677+0100] GC(269) Pause Young (Normal) (G1 Evacuation Pause) 3094M->2556M(5318M) 34.035ms
[2020-11-12T14:21:17.246+0100] GC(270) Pause Young (Normal) (G1 Evacuation Pause) 3222M->2597M(5318M) 50.633ms
[2020-11-12T14:21:18.886+0100] GC(271) Pause Young (Normal) (G1 Evacuation Pause) 3311M->2639M(5318M) 73.223ms
[2020-11-12T14:21:20.866+0100] GC(272) Pause Young (Normal) (G1 Evacuation Pause) 3483M->2691M(5318M) 57.780ms
[2020-11-12T14:21:22.541+0100] GC(273) Pause Young (Normal) (G1 Evacuation Pause) 3421M->2735M(5318M) 71.245ms
[2020-11-12T14:21:25.137+0100] GC(274) Pause Young (Normal) (G1 Evacuation Pause) 3851M->2803M(5318M) 67.549ms
[2020-11-12T14:21:27.201+0100] GC(275) Pause Young (Normal) (G1 Evacuation Pause) 3625M->2851M(5318M) 88.347ms
[2020-11-12T14:21:30.014+0100] GC(276) Pause Young (Normal) (G1 Evacuation Pause) 4045M->2921M(5318M) 68.936ms
[2020-11-12T14:21:32.075+0100] GC(277) Pause Young (Normal) (G1 Evacuation Pause) 3745M->2969M(5318M) 115.630ms
[2020-11-12T14:21:34.314+0100] GC(278) Pause Young (Normal) (G1 Evacuation Pause) 3947M->3028M(5318M) 73.173ms
[2020-11-12T14:21:36.279+0100] GC(279) Pause Young (Normal) (G1 Evacuation Pause) 3882M->3077M(5318M) 96.617ms
[2020-11-12T14:21:38.677+0100] GC(280) Pause Young (Normal) (G1 Evacuation Pause) 4123M->3140M(5318M) 74.455ms
[2020-11-12T14:21:40.584+0100] GC(281) Pause Young (Normal) (G1 Evacuation Pause) 3910M->3184M(5318M) 93.355ms
[2020-11-12T14:21:43.061+0100] GC(282) Pause Young (Normal) (G1 Evacuation Pause) 4262M->3248M(5318M) 63.921ms
[2020-11-12T14:21:45.097+0100] GC(283) Pause Young (Normal) (G1 Evacuation Pause) 4070M->3299M(5318M) 96.746ms
[2020-11-12T14:21:47.654+0100] GC(284) Pause Young (Normal) (G1 Evacuation Pause) 4383M->3363M(5318M) 68.116ms
[2020-11-12T14:21:49.646+0100] GC(285) Pause Young (Normal) (G1 Evacuation Pause) 4181M->3409M(5318M) 101.754ms
[2020-11-12T14:21:52.273+0100] GC(286) Pause Young (Normal) (G1 Evacuation Pause) 4467M->3473M(5318M) 67.522ms
[2020-11-12T14:21:54.239+0100] GC(287) Pause Young (Normal) (G1 Evacuation Pause) 4305M->3520M(5318M) 104.577ms
[2020-11-12T14:21:56.620+0100] GC(288) Pause Young (Normal) (G1 Evacuation Pause) 4532M->3581M(5318M) 59.468ms
[2020-11-12T14:21:58.928+0100] GC(289) Pause Young (Normal) (G1 Evacuation Pause) 4517M->3635M(5318M) 107.246ms
[2020-11-12T14:22:01.132+0100] GC(290) Pause Young (Normal) (G1 Evacuation Pause) 4567M->3692M(5318M) 79.913ms
[2020-11-12T14:22:03.132+0100] GC(291) Pause Young (Normal) (G1 Evacuation Pause) 4580M->3747M(5318M) 68.885ms
[2020-11-12T14:22:05.010+0100] GC(292) Pause Young (Normal) (G1 Evacuation Pause) 4589M->3800M(5318M) 66.143ms
[2020-11-12T14:22:06.912+0100] GC(293) Pause Young (Normal) (G1 Evacuation Pause) 4600M->3850M(5318M) 78.911ms
[2020-11-12T14:22:08.580+0100] GC(294) Pause Young (Normal) (G1 Evacuation Pause) 4608M->3898M(5318M) 59.364ms
[2020-11-12T14:22:10.194+0100] GC(295) Pause Young (Normal) (G1 Evacuation Pause) 4618M->3946M(5318M) 59.920ms
[2020-11-12T14:22:11.685+0100] GC(296) Pause Young (Normal) (G1 Evacuation Pause) 4624M->3987M(5318M) 54.796ms
[2020-11-12T14:22:13.100+0100] GC(297) Pause Young (Normal) (G1 Evacuation Pause) 4631M->4029M(5318M) 46.764ms
[2020-11-12T14:22:14.419+0100] GC(298) Pause Young (Normal) (G1 Evacuation Pause) 4641M->4068M(5318M) 46.776ms
[2020-11-12T14:22:15.694+0100] GC(299) Pause Young (Normal) (G1 Evacuation Pause) 4646M->4107M(5318M) 46.028ms
[2020-11-12T14:22:16.907+0100] GC(300) Pause Young (Normal) (G1 Evacuation Pause) 4653M->4142M(5318M) 41.227ms
[2020-11-12T14:22:18.070+0100] GC(301) Pause Young (Normal) (G1 Evacuation Pause) 4658M->4176M(5318M) 45.595ms
[2020-11-12T14:22:19.193+0100] GC(302) Pause Young (Normal) (G1 Evacuation Pause) 4664M->4208M(5318M) 45.598ms
[2020-11-12T14:22:20.250+0100] GC(303) Pause Young (Normal) (G1 Evacuation Pause) 4670M->4241M(5318M) 37.105ms
[2020-11-12T14:22:21.245+0100] GC(304) Pause Young (Normal) (G1 Evacuation Pause) 4675M->4271M(5318M) 37.299ms
[2020-11-12T14:22:22.112+0100] GC(305) Pause Young (Normal) (G1 Evacuation Pause) 4679M->4300M(5318M) 38.697ms
[2020-11-12T14:22:23.114+0100] GC(306) Pause Young (Normal) (G1 Evacuation Pause) 4684M->4327M(5318M) 39.626ms
[2020-11-12T14:22:23.920+0100] GC(307) Pause Young (Normal) (G1 Evacuation Pause) 4689M->4353M(5318M) 31.181ms
[2020-11-12T14:22:24.649+0100] GC(308) Pause Young (Normal) (G1 Evacuation Pause) 4695M->4376M(5318M) 30.394ms
[2020-11-12T14:22:25.377+0100] GC(309) Pause Young (Normal) (G1 Evacuation Pause) 4698M->4400M(5318M) 29.664ms
[2020-11-12T14:22:26.077+0100] GC(310) Pause Young (Normal) (G1 Evacuation Pause) 4702M->4423M(5318M) 29.464ms
[2020-11-12T14:22:26.704+0100] GC(311) Pause Young (Normal) (G1 Evacuation Pause) 4705M->4443M(5318M) 26.075ms
[2020-11-12T14:22:27.279+0100] GC(312) Pause Young (Normal) (G1 Evacuation Pause) 4709M->4461M(5318M) 33.080ms
[2020-11-12T14:22:27.814+0100] GC(313) Pause Young (Normal) (G1 Evacuation Pause) 4713M->4481M(5318M) 24.328ms
[2020-11-12T14:22:28.344+0100] GC(314) Pause Young (Normal) (G1 Evacuation Pause) 4719M->4497M(5318M) 24.106ms
[2020-11-12T14:22:28.886+0100] GC(315) Pause Young (Normal) (G1 Evacuation Pause) 4737M->4515M(5318M) 23.808ms
[2020-11-12T14:22:29.408+0100] GC(316) Pause Young (Normal) (G1 Evacuation Pause) 4753M->4533M(5318M) 22.940ms
[2020-11-12T14:22:29.940+0100] GC(317) Pause Young (Normal) (G1 Evacuation Pause) 4771M->4551M(5318M) 23.532ms
[2020-11-12T14:22:30.488+0100] GC(318) Pause Young (Normal) (G1 Evacuation Pause) 4789M->4567M(5318M) 23.392ms
[2020-11-12T14:22:31.034+0100] GC(319) Pause Young (Normal) (G1 Evacuation Pause) 4807M->4585M(5318M) 23.043ms
[2020-11-12T14:22:31.609+0100] GC(320) Pause Young (Concurrent Start) (G1 Evacuation Pause) 4823M->4601M(5318M) 37.646ms
[2020-11-12T14:22:31.609+0100] GC(321) Concurrent Cycle
[2020-11-12T14:22:32.227+0100] GC(322) Pause Young (Normal) (G1 Evacuation Pause) 4841M->4620M(5318M) 31.638ms
[2020-11-12T14:22:32.826+0100] GC(323) Pause Young (Normal) (G1 Evacuation Pause) 4858M->4638M(5318M) 23.027ms
[2020-11-12T14:22:33.381+0100] GC(321) Pause Remark 4864M->4864M(5318M) 10.984ms
[2020-11-12T14:22:33.439+0100] GC(324) Pause Young (Normal) (G1 Evacuation Pause) 4876M->4654M(5318M) 32.822ms
[2020-11-12T14:22:34.105+0100] GC(325) Pause Young (Normal) (G1 Evacuation Pause) 4892M->4673M(5318M) 41.738ms
[2020-11-12T14:22:34.718+0100] GC(326) Pause Young (Normal) (G1 Evacuation Pause) 4911M->4689M(5318M) 40.220ms
[2020-11-12T14:22:34.932+0100] GC(321) Pause Cleanup 4785M->4785M(5318M) 2.828ms
[2020-11-12T14:22:35.057+0100] GC(321) Concurrent Cycle 3447.512ms
[2020-11-12T14:22:35.286+0100] GC(327) Pause Young (Prepare Mixed) (G1 Evacuation Pause) 4927M->4707M(5318M) 45.403ms
[2020-11-12T14:22:35.931+0100] GC(328) Pause Young (Mixed) (G1 Evacuation Pause) 4945M->4310M(5318M) 123.245ms
[2020-11-12T14:22:36.640+0100] GC(329) Pause Young (Mixed) (G1 Evacuation Pause) 4550M->3958M(5318M) 140.085ms
[2020-11-12T14:22:37.366+0100] GC(330) Pause Young (Mixed) (G1 Evacuation Pause) 4196M->3648M(5318M) 166.984ms
[2020-11-12T14:22:38.182+0100] GC(331) Pause Young (Mixed) (G1 Evacuation Pause) 3886M->3360M(5318M) 188.353ms
[2020-11-12T14:22:39.013+0100] GC(332) Pause Young (Mixed) (G1 Evacuation Pause) 3598M->3059M(5542M) 197.878ms
[2020-11-12T14:22:39.930+0100] GC(333) Pause Young (Mixed) (G1 Evacuation Pause) 3309M->2775M(5542M) 210.268ms
[2020-11-12T14:22:40.798+0100] GC(334) Pause Young (Mixed) (G1 Evacuation Pause) 3025M->2536M(5542M) 227.108ms
[2020-11-12T14:22:42.569+0100] GC(335) Pause Young (Normal) (G1 Evacuation Pause) 3254M->2581M(5542M) 38.986ms
[2020-11-12T14:22:45.193+0100] GC(336) Pause Young (Normal) (G1 Evacuation Pause) 3531M->2641M(5542M) 71.887ms
[2020-11-12T14:22:47.530+0100] GC(337) Pause Young (Normal) (G1 Evacuation Pause) 3603M->2697M(5542M) 81.852ms
[2020-11-12T14:22:49.874+0100] GC(338) Pause Young (Normal) (G1 Evacuation Pause) 3707M->2759M(5542M) 65.182ms
[2020-11-12T14:22:52.264+0100] GC(339) Pause Young (Normal) (G1 Evacuation Pause) 3759M->2821M(5542M) 66.208ms
[2020-11-12T14:22:54.775+0100] GC(340) Pause Young (Normal) (G1 Evacuation Pause) 3819M->2880M(5542M) 82.259ms
[2020-11-12T14:22:56.983+0100] GC(341) Pause Young (Normal) (G1 Evacuation Pause) 3820M->2939M(5542M) 66.019ms
[2020-11-12T14:22:59.379+0100] GC(342) Pause Young (Normal) (G1 Evacuation Pause) 3959M->2998M(5542M) 72.780ms
[2020-11-12T14:23:01.457+0100] GC(343) Pause Young (Normal) (G1 Evacuation Pause) 3898M->3049M(5542M) 87.915ms
[2020-11-12T14:23:03.775+0100] GC(344) Pause Young (Normal) (G1 Evacuation Pause) 4119M->3113M(5542M) 67.499ms
[2020-11-12T14:23:05.918+0100] GC(345) Pause Young (Normal) (G1 Evacuation Pause) 4049M->3167M(5542M) 99.477ms
[2020-11-12T14:23:08.282+0100] GC(346) Pause Young (Normal) (G1 Evacuation Pause) 4209M->3229M(5542M) 63.953ms
[2020-11-12T14:23:10.374+0100] GC(347) Pause Young (Normal) (G1 Evacuation Pause) 4167M->3282M(5542M) 128.176ms
[2020-11-12T14:23:12.540+0100] GC(348) Pause Young (Normal) (G1 Evacuation Pause) 4254M->3341M(5542M) 75.913ms
[2020-11-12T14:23:14.834+0100] GC(349) Pause Young (Normal) (G1 Evacuation Pause) 4333M->3402M(5542M) 93.149ms
[2020-11-12T14:23:17.041+0100] GC(350) Pause Young (Normal) (G1 Evacuation Pause) 4352M->3462M(5542M) 77.382ms
[2020-11-12T14:23:19.304+0100] GC(351) Pause Young (Normal) (G1 Evacuation Pause) 4442M->3522M(5542M) 78.719ms
[2020-11-12T14:23:21.568+0100] GC(352) Pause Young (Normal) (G1 Evacuation Pause) 4530M->3583M(5542M) 85.143ms
[2020-11-12T14:23:23.939+0100] GC(353) Pause Young (Normal) (G1 Evacuation Pause) 4595M->3645M(5542M) 75.397ms
[2020-11-12T14:23:26.378+0100] GC(354) Pause Young (Normal) (G1 Evacuation Pause) 4695M->3708M(5542M) 77.241ms
[2020-11-12T14:23:28.856+0100] GC(355) Pause Young (Normal) (G1 Evacuation Pause) 4744M->3772M(5542M) 79.477ms
[2020-11-12T14:23:31.148+0100] GC(356) Pause Young (Normal) (G1 Evacuation Pause) 4762M->3831M(5542M) 81.117ms
[2020-11-12T14:23:33.374+0100] GC(357) Pause Young (Normal) (G1 Evacuation Pause) 4773M->3889M(5542M) 87.124ms
[2020-11-12T14:23:35.408+0100] GC(358) Pause Young (Normal) (G1 Evacuation Pause) 4783M->3946M(5542M) 75.084ms
[2020-11-12T14:23:37.400+0100] GC(359) Pause Young (Normal) (G1 Evacuation Pause) 4792M->3997M(5542M) 77.248ms
[2020-11-12T14:23:39.305+0100] GC(360) Pause Young (Normal) (G1 Evacuation Pause) 4799M->4048M(5542M) 65.825ms
[2020-11-12T14:23:41.036+0100] GC(361) Pause Young (Normal) (G1 Evacuation Pause) 4810M->4096M(5542M) 61.357ms
[2020-11-12T14:23:42.654+0100] GC(362) Pause Young (Normal) (G1 Evacuation Pause) 4816M->4142M(5542M) 58.460ms
[2020-11-12T14:23:44.237+0100] GC(363) Pause Young (Normal) (G1 Evacuation Pause) 4824M->4183M(5542M) 59.091ms
[2020-11-12T14:23:45.659+0100] GC(364) Pause Young (Normal) (G1 Evacuation Pause) 4831M->4227M(5542M) 53.983ms
[2020-11-12T14:23:47.051+0100] GC(365) Pause Young (Normal) (G1 Evacuation Pause) 4839M->4267M(5542M) 52.598ms
[2020-11-12T14:23:48.309+0100] GC(366) Pause Young (Normal) (G1 Evacuation Pause) 4847M->4303M(5542M) 48.859ms
[2020-11-12T14:23:49.502+0100] GC(367) Pause Young (Normal) (G1 Evacuation Pause) 4851M->4340M(5542M) 46.698ms
[2020-11-12T14:23:50.712+0100] GC(368) Pause Young (Normal) (G1 Evacuation Pause) 4858M->4376M(5542M) 41.398ms
[2020-11-12T14:23:51.796+0100] GC(369) Pause Young (Normal) (G1 Evacuation Pause) 4864M->4409M(5542M) 42.244ms
[2020-11-12T14:23:52.807+0100] GC(370) Pause Young (Normal) (G1 Evacuation Pause) 4871M->4439M(5542M) 40.503ms
[2020-11-12T14:23:53.802+0100] GC(371) Pause Young (Normal) (G1 Evacuation Pause) 4875M->4470M(5542M) 47.031ms
[2020-11-12T14:23:54.747+0100] GC(372) Pause Young (Normal) (G1 Evacuation Pause) 4880M->4498M(5542M) 34.186ms
[2020-11-12T14:23:55.636+0100] GC(373) Pause Young (Normal) (G1 Evacuation Pause) 4884M->4524M(5542M) 32.310ms
[2020-11-12T14:23:56.466+0100] GC(374) Pause Young (Normal) (G1 Evacuation Pause) 4888M->4549M(5542M) 38.346ms
[2020-11-12T14:23:57.274+0100] GC(375) Pause Young (Normal) (G1 Evacuation Pause) 4891M->4573M(5542M) 30.554ms
[2020-11-12T14:23:58.023+0100] GC(376) Pause Young (Normal) (G1 Evacuation Pause) 4897M->4597M(5542M) 29.302ms
[2020-11-12T14:23:58.691+0100] GC(377) Pause Young (Normal) (G1 Evacuation Pause) 4901M->4618M(5542M) 28.243ms
[2020-11-12T14:23:59.330+0100] GC(378) Pause Young (Normal) (G1 Evacuation Pause) 4906M->4640M(5542M) 26.402ms
[2020-11-12T14:23:59.946+0100] GC(379) Pause Young (Normal) (G1 Evacuation Pause) 4908M->4660M(5542M) 29.223ms
[2020-11-12T14:24:00.537+0100] GC(380) Pause Young (Normal) (G1 Evacuation Pause) 4912M->4676M(5542M) 38.796ms
[2020-11-12T14:24:01.104+0100] GC(381) Pause Young (Normal) (G1 Evacuation Pause) 4926M->4695M(5542M) 26.669ms
[2020-11-12T14:24:01.629+0100] GC(382) Pause Young (Normal) (G1 Evacuation Pause) 4945M->4713M(5542M) 23.391ms
[2020-11-12T14:24:02.208+0100] GC(383) Pause Young (Normal) (G1 Evacuation Pause) 4963M->4731M(5542M) 24.101ms
[2020-11-12T14:24:02.773+0100] GC(384) Pause Young (Normal) (G1 Evacuation Pause) 4981M->4749M(5542M) 25.596ms
[2020-11-12T14:24:03.327+0100] GC(385) Pause Young (Normal) (G1 Evacuation Pause) 4999M->4767M(5542M) 23.657ms
[2020-11-12T14:24:03.892+0100] GC(386) Pause Young (Concurrent Start) (G1 Evacuation Pause) 5017M->4785M(5542M) 24.073ms
[2020-11-12T14:24:03.892+0100] GC(387) Concurrent Cycle
[2020-11-12T14:24:04.550+0100] GC(388) Pause Young (Normal) (G1 Evacuation Pause) 5035M->4803M(5542M) 30.441ms
[2020-11-12T14:24:05.126+0100] GC(389) Pause Young (Normal) (G1 Evacuation Pause) 5053M->4820M(5542M) 33.409ms
[2020-11-12T14:24:05.323+0100] GC(387) Pause Remark 4902M->4902M(5542M) 8.541ms
[2020-11-12T14:24:05.881+0100] GC(390) Pause Young (Normal) (G1 Evacuation Pause) 5070M->4840M(5542M) 33.816ms
[2020-11-12T14:24:06.484+0100] GC(391) Pause Young (Normal) (G1 Evacuation Pause) 5088M->4857M(5542M) 45.524ms
[2020-11-12T14:24:06.846+0100] GC(387) Pause Cleanup 4992M->4992M(5542M) 2.872ms
[2020-11-12T14:24:06.930+0100] GC(387) Concurrent Cycle 3038.064ms
[2020-11-12T14:24:07.139+0100] GC(392) Pause Young (Prepare Mixed) (G1 Evacuation Pause) 5107M->4875M(5542M) 38.623ms
[2020-11-12T14:24:07.793+0100] GC(393) Pause Young (Mixed) (G1 Evacuation Pause) 5123M->4456M(5542M) 113.342ms
[2020-11-12T14:24:08.494+0100] GC(394) Pause Young (Mixed) (G1 Evacuation Pause) 4706M->4092M(5542M) 134.281ms
[2020-11-12T14:24:09.199+0100] GC(395) Pause Young (Mixed) (G1 Evacuation Pause) 4342M->3755M(5542M) 142.153ms
[2020-11-12T14:24:09.906+0100] GC(396) Pause Young (Mixed) (G1 Evacuation Pause) 4005M->3430M(5542M) 146.609ms
[2020-11-12T14:24:10.656+0100] GC(397) Pause Young (Mixed) (G1 Evacuation Pause) 3680M->3133M(5678M) 160.236ms
[2020-11-12T14:24:11.435+0100] GC(398) Pause Young (Mixed) (G1 Evacuation Pause) 3389M->2835M(5678M) 186.560ms
[2020-11-12T14:24:12.207+0100] GC(399) Pause Young (Mixed) (G1 Evacuation Pause) 3089M->2535M(5678M) 219.378ms
[2020-11-12T14:24:12.870+0100] GC(400) Pause Young (Mixed) (G1 Evacuation Pause) 2791M->2544M(5678M) 50.872ms
[2020-11-12T14:24:15.138+0100] GC(401) Pause Young (Normal) (G1 Evacuation Pause) 3530M->2607M(5678M) 46.508ms
[2020-11-12T14:24:17.215+0100] GC(402) Pause Young (Normal) (G1 Evacuation Pause) 3525M->2662M(5678M) 68.177ms
[2020-11-12T14:24:19.537+0100] GC(403) Pause Young (Normal) (G1 Evacuation Pause) 3718M->2723M(5678M) 61.335ms
[2020-11-12T14:24:21.618+0100] GC(404) Pause Young (Normal) (G1 Evacuation Pause) 3647M->2777M(5678M) 88.352ms
[2020-11-12T14:24:23.857+0100] GC(405) Pause Young (Normal) (G1 Evacuation Pause) 3761M->2837M(5678M) 69.221ms
[2020-11-12T14:24:26.207+0100] GC(406) Pause Young (Normal) (G1 Evacuation Pause) 3845M->2897M(5678M) 75.727ms
[2020-11-12T14:24:28.599+0100] GC(407) Pause Young (Normal) (G1 Evacuation Pause) 3911M->2959M(5678M) 65.311ms
[2020-11-12T14:24:31.282+0100] GC(408) Pause Young (Normal) (G1 Evacuation Pause) 4083M->3024M(5678M) 68.164ms
[2020-11-12T14:24:33.601+0100] GC(409) Pause Young (Normal) (G1 Evacuation Pause) 4034M->3081M(5678M) 94.396ms
[2020-11-12T14:24:36.231+0100] GC(410) Pause Young (Normal) (G1 Evacuation Pause) 4267M->3151M(5678M) 69.762ms
[2020-11-12T14:24:38.577+0100] GC(411) Pause Young (Normal) (G1 Evacuation Pause) 4155M->3209M(5678M) 94.460ms
[2020-11-12T14:24:41.582+0100] GC(412) Pause Young (Normal) (G1 Evacuation Pause) 4517M->3284M(5678M) 73.588ms
[2020-11-12T14:24:43.784+0100] GC(413) Pause Young (Normal) (G1 Evacuation Pause) 4260M->3341M(5678M) 93.593ms
[2020-11-12T14:24:46.494+0100] GC(414) Pause Young (Normal) (G1 Evacuation Pause) 4531M->3410M(5678M) 66.939ms
[2020-11-12T14:24:48.900+0100] GC(415) Pause Young (Normal) (G1 Evacuation Pause) 4448M->3470M(5678M) 95.403ms
[2020-11-12T14:24:51.919+0100] GC(416) Pause Young (Normal) (G1 Evacuation Pause) 4740M->3543M(5678M) 73.811ms
[2020-11-12T14:24:54.112+0100] GC(417) Pause Young (Normal) (G1 Evacuation Pause) 4519M->3598M(5678M) 94.217ms
[2020-11-12T14:24:56.736+0100] GC(418) Pause Young (Normal) (G1 Evacuation Pause) 4792M->3668M(5678M) 67.373ms
[2020-11-12T14:24:59.419+0100] GC(419) Pause Young (Normal) (G1 Evacuation Pause) 4822M->3733M(5678M) 111.718ms
[2020-11-12T14:25:01.979+0100] GC(420) Pause Young (Normal) (G1 Evacuation Pause) 4845M->3800M(5678M) 91.062ms
[2020-11-12T14:25:04.508+0100] GC(421) Pause Young (Normal) (G1 Evacuation Pause) 4866M->3863M(5678M) 81.277ms
[2020-11-12T14:25:06.863+0100] GC(422) Pause Young (Normal) (G1 Evacuation Pause) 4881M->3924M(5678M) 79.960ms
[2020-11-12T14:25:09.031+0100] GC(423) Pause Young (Normal) (G1 Evacuation Pause) 4894M->3985M(5678M) 74.460ms
[2020-11-12T14:25:11.050+0100] GC(424) Pause Young (Normal) (G1 Evacuation Pause) 4905M->4041M(5678M) 70.800ms
[2020-11-12T14:25:13.100+0100] GC(425) Pause Young (Normal) (G1 Evacuation Pause) 4911M->4094M(5678M) 67.187ms
[2020-11-12T14:25:14.942+0100] GC(426) Pause Young (Normal) (G1 Evacuation Pause) 4922M->4146M(5678M) 64.046ms
[2020-11-12T14:25:16.664+0100] GC(427) Pause Young (Normal) (G1 Evacuation Pause) 4930M->4193M(5678M) 60.458ms
[2020-11-12T14:25:18.311+0100] GC(428) Pause Young (Normal) (G1 Evacuation Pause) 4939M->4241M(5678M) 59.350ms
[2020-11-12T14:25:19.883+0100] GC(429) Pause Young (Normal) (G1 Evacuation Pause) 4945M->4285M(5678M) 57.139ms
[2020-11-12T14:25:21.353+0100] GC(430) Pause Young (Normal) (G1 Evacuation Pause) 4953M->4329M(5678M) 53.379ms
[2020-11-12T14:25:22.804+0100] GC(431) Pause Young (Normal) (G1 Evacuation Pause) 4959M->4369M(5678M) 51.217ms
[2020-11-12T14:25:24.193+0100] GC(432) Pause Young (Concurrent Start) (G1 Evacuation Pause) 4967M->4408M(5678M) 49.371ms
[2020-11-12T14:25:24.193+0100] GC(433) Concurrent Cycle
[2020-11-12T14:25:25.502+0100] GC(433) Pause Remark 4912M->4912M(5678M) 8.542ms
[2020-11-12T14:25:25.705+0100] GC(434) Pause Young (Normal) (G1 Evacuation Pause) 4972M->4445M(5678M) 61.772ms
[2020-11-12T14:25:26.872+0100] GC(433) Pause Cleanup 4901M->4901M(5678M) 2.551ms
[2020-11-12T14:25:26.925+0100] GC(433) Concurrent Cycle 2731.423ms
[2020-11-12T14:25:27.110+0100] GC(435) Pause Young (Prepare Mixed) (G1 Evacuation Pause) 4977M->4480M(5678M) 57.018ms
[2020-11-12T14:25:27.792+0100] GC(436) Pause Young (Mixed) (G1 Evacuation Pause) 4718M->4107M(5678M) 152.612ms
[2020-11-12T14:25:28.532+0100] GC(437) Pause Young (Mixed) (G1 Evacuation Pause) 4363M->3784M(5678M) 149.993ms
[2020-11-12T14:25:29.211+0100] GC(438) Pause Young (Mixed) (G1 Evacuation Pause) 4038M->3491M(5678M) 141.459ms
[2020-11-12T14:25:29.950+0100] GC(439) Pause Young (Mixed) (G1 Evacuation Pause) 3747M->3211M(5678M) 153.467ms
[2020-11-12T14:25:30.648+0100] GC(440) Pause Young (Mixed) (G1 Evacuation Pause) 3465M->2946M(5724M) 163.006ms
[2020-11-12T14:25:31.442+0100] GC(441) Pause Young (Mixed) (G1 Evacuation Pause) 3206M->2683M(5724M) 189.630ms
[2020-11-12T14:25:32.228+0100] GC(442) Pause Young (Mixed) (G1 Evacuation Pause) 2941M->2519M(5724M) 164.080ms
[2020-11-12T14:25:34.328+0100] GC(443) Pause Young (Normal) (G1 Evacuation Pause) 3421M->2575M(5724M) 51.992ms
[2020-11-12T14:25:36.437+0100] GC(444) Pause Young (Normal) (G1 Evacuation Pause) 3439M->2628M(5724M) 71.383ms
[2020-11-12T14:25:38.787+0100] GC(445) Pause Young (Normal) (G1 Evacuation Pause) 3570M->2686M(5724M) 65.695ms
[2020-11-12T14:25:41.064+0100] GC(446) Pause Young (Normal) (G1 Evacuation Pause) 3644M->2745M(5724M) 68.879ms
[2020-11-12T14:25:43.613+0100] GC(447) Pause Young (Normal) (G1 Evacuation Pause) 3803M->2807M(5724M) 72.785ms
[2020-11-12T14:25:45.832+0100] GC(448) Pause Young (Normal) (G1 Evacuation Pause) 3767M->2861M(5724M) 88.712ms
[2020-11-12T14:25:48.325+0100] GC(449) Pause Young (Normal) (G1 Evacuation Pause) 3965M->2926M(5724M) 68.452ms
[2020-11-12T14:25:50.506+0100] GC(450) Pause Young (Normal) (G1 Evacuation Pause) 3856M->2979M(5724M) 89.844ms
[2020-11-12T14:25:53.131+0100] GC(451) Pause Young (Normal) (G1 Evacuation Pause) 4097M->3046M(5724M) 69.681ms
[2020-11-12T14:25:55.243+0100] GC(452) Pause Young (Normal) (G1 Evacuation Pause) 3996M->3100M(5724M) 93.884ms
[2020-11-12T14:25:57.916+0100] GC(453) Pause Young (Normal) (G1 Evacuation Pause) 4244M->3168M(5724M) 71.467ms
[2020-11-12T14:26:00.269+0100] GC(454) Pause Young (Normal) (G1 Evacuation Pause) 4188M->3225M(5724M) 88.924ms
[2020-11-12T14:26:03.137+0100] GC(455) Pause Young (Normal) (G1 Evacuation Pause) 4489M->3300M(5724M) 77.955ms
[2020-11-12T14:26:05.341+0100] GC(456) Pause Young (Normal) (G1 Evacuation Pause) 4242M->3353M(5724M) 93.017ms
[2020-11-12T14:26:08.318+0100] GC(457) Pause Young (Normal) (G1 Evacuation Pause) 4635M->3429M(5724M) 69.275ms
[2020-11-12T14:26:10.540+0100] GC(458) Pause Young (Normal) (G1 Evacuation Pause) 4405M->3485M(5724M) 96.969ms
[2020-11-12T14:26:13.528+0100] GC(459) Pause Young (Normal) (G1 Evacuation Pause) 4775M->3560M(5724M) 72.241ms
[2020-11-12T14:26:15.861+0100] GC(460) Pause Young (Normal) (G1 Evacuation Pause) 4538M->3614M(5724M) 94.427ms
[2020-11-12T14:26:18.686+0100] GC(461) Pause Young (Normal) (G1 Evacuation Pause) 4844M->3686M(5724M) 69.734ms
[2020-11-12T14:26:20.945+0100] GC(462) Pause Young (Normal) (G1 Evacuation Pause) 4672M->3742M(5724M) 91.941ms
[2020-11-12T14:26:23.498+0100] GC(463) Pause Young (Normal) (G1 Evacuation Pause) 4866M->3807M(5724M) 67.187ms
[2020-11-12T14:26:25.894+0100] GC(464) Pause Young (Normal) (G1 Evacuation Pause) 4845M->3866M(5724M) 91.001ms
[2020-11-12T14:26:28.318+0100] GC(465) Pause Young (Concurrent Start) (G1 Evacuation Pause) 4908M->3931M(5724M) 68.838ms
[2020-11-12T14:26:28.318+0100] GC(466) Concurrent Cycle
[2020-11-12T14:26:30.163+0100] GC(466) Pause Remark 4709M->4709M(5724M) 11.407ms
[2020-11-12T14:26:30.739+0100] GC(467) Pause Young (Normal) (G1 Evacuation Pause) 4927M->3991M(5724M) 86.047ms
[2020-11-12T14:26:31.486+0100] GC(466) Pause Cleanup 4261M->4261M(5724M) 2.623ms
[2020-11-12T14:26:31.601+0100] GC(466) Concurrent Cycle 3282.706ms
[2020-11-12T14:26:32.985+0100] GC(468) Pause Young (Prepare Mixed) (G1 Evacuation Pause) 4937M->4048M(5724M) 74.410ms
[2020-11-12T14:26:33.644+0100] GC(469) Pause Young (Mixed) (G1 Evacuation Pause) 4264M->3749M(5724M) 148.272ms
[2020-11-12T14:26:34.358+0100] GC(470) Pause Young (Mixed) (G1 Evacuation Pause) 4011M->3494M(5724M) 122.408ms
[2020-11-12T14:26:35.103+0100] GC(471) Pause Young (Mixed) (G1 Evacuation Pause) 3752M->3261M(5724M) 153.098ms
[2020-11-12T14:26:35.876+0100] GC(472) Pause Young (Mixed) (G1 Evacuation Pause) 3519M->3036M(5724M) 167.943ms
[2020-11-12T14:26:36.676+0100] GC(473) Pause Young (Mixed) (G1 Evacuation Pause) 3296M->2810M(5724M) 188.349ms
[2020-11-12T14:26:37.447+0100] GC(474) Pause Young (Mixed) (G1 Evacuation Pause) 3068M->2598M(5724M) 191.257ms
[2020-11-12T14:26:38.121+0100] GC(475) Pause Young (Mixed) (G1 Evacuation Pause) 2856M->2557M(5760M) 82.885ms
[2020-11-12T14:26:40.834+0100] GC(476) Pause Young (Normal) (G1 Evacuation Pause) 3751M->2633M(5760M) 50.476ms
[2020-11-12T14:26:43.478+0100] GC(477) Pause Young (Normal) (G1 Evacuation Pause) 3759M->2699M(5760M) 86.152ms
[2020-11-12T14:26:46.166+0100] GC(478) Pause Young (Normal) (G1 Evacuation Pause) 3849M->2767M(5760M) 71.236ms
[2020-11-12T14:26:49.005+0100] GC(479) Pause Young (Normal) (G1 Evacuation Pause) 3977M->2837M(5760M) 71.246ms
[2020-11-12T14:26:51.517+0100] GC(480) Pause Young (Normal) (G1 Evacuation Pause) 3899M->2897M(5760M) 100.263ms
[2020-11-12T14:26:54.607+0100] GC(481) Pause Young (Normal) (G1 Evacuation Pause) 4225M->2973M(5760M) 71.869ms
[2020-11-12T14:26:56.919+0100] GC(482) Pause Young (Normal) (G1 Evacuation Pause) 3941M->3028M(5760M) 96.051ms
[2020-11-12T14:26:59.825+0100] GC(483) Pause Young (Normal) (G1 Evacuation Pause) 4304M->3104M(5760M) 68.551ms
[2020-11-12T14:27:02.333+0100] GC(484) Pause Young (Normal) (G1 Evacuation Pause) 4166M->3161M(5760M) 95.892ms
[2020-11-12T14:27:05.912+0100] GC(485) Pause Young (Normal) (G1 Evacuation Pause) 4527M->3251M(5760M) 100.491ms
[2020-11-12T14:27:07.183+0100] GC(486) Pause Young (Normal) (G1 Evacuation Pause) 3691M->3278M(5760M) 90.821ms
[2020-11-12T14:27:10.723+0100] GC(487) Pause Young (Normal) (G1 Evacuation Pause) 4598M->3360M(5760M) 71.526ms
[2020-11-12T14:27:11.280+0100] GC(488) Pause Young (Normal) (G1 Evacuation Pause) 3528M->3372M(5760M) 65.038ms
[2020-11-12T14:27:11.908+0100] GC(489) Pause Young (Normal) (G1 Evacuation Pause) 3638M->3390M(5760M) 24.307ms
[2020-11-12T14:27:12.557+0100] GC(490) Pause Young (Normal) (G1 Evacuation Pause) 3650M->3410M(5760M) 26.197ms
[2020-11-12T14:27:14.663+0100] GC(491) Pause Young (Normal) (G1 Evacuation Pause) 4266M->3464M(5760M) 43.552ms
[2020-11-12T14:27:16.146+0100] GC(492) Pause Young (Normal) (G1 Evacuation Pause) 4060M->3500M(5760M) 65.686ms
[2020-11-12T14:27:18.381+0100] GC(493) Pause Young (Normal) (G1 Evacuation Pause) 4406M->3555M(5760M) 75.082ms
[2020-11-12T14:27:18.942+0100] GC(494) Pause Young (Normal) (G1 Evacuation Pause) 3739M->3567M(5760M) 98.050ms
[2020-11-12T14:27:21.096+0100] GC(495) Pause Young (Normal) (G1 Evacuation Pause) 4423M->3621M(5760M) 45.642ms
[2020-11-12T14:27:21.712+0100] GC(496) Pause Young (Normal) (G1 Evacuation Pause) 3851M->3638M(5760M) 61.368ms
[2020-11-12T14:27:23.804+0100] GC(497) Pause Young (Normal) (G1 Evacuation Pause) 4508M->3693M(5760M) 48.638ms
[2020-11-12T14:27:24.712+0100] GC(498) Pause Young (Normal) (G1 Evacuation Pause) 4041M->3715M(5760M) 60.838ms
[2020-11-12T14:27:26.804+0100] GC(499) Pause Young (Normal) (G1 Evacuation Pause) 4629M->3773M(5760M) 46.473ms
[2020-11-12T14:27:28.030+0100] GC(500) Pause Young (Concurrent Start) (G1 Evacuation Pause) 4259M->3802M(5760M) 71.219ms
[2020-11-12T14:27:28.030+0100] GC(501) Concurrent Cycle
[2020-11-12T14:27:29.236+0100] GC(501) Pause Remark 4265M->4265M(5760M) 7.051ms
[2020-11-12T14:27:30.481+0100] GC(502) Pause Young (Normal) (G1 Evacuation Pause) 4702M->3858M(5760M) 62.856ms
[2020-11-12T14:27:30.683+0100] GC(501) Pause Cleanup 3936M->3936M(5760M) 2.447ms
[2020-11-12T14:27:30.744+0100] GC(501) Concurrent Cycle 2714.574ms
[2020-11-12T14:27:31.953+0100] GC(503) Pause Young (Prepare Mixed) (G1 Evacuation Pause) 4482M->3894M(5760M) 89.885ms
[2020-11-12T14:27:32.659+0100] GC(504) Pause Young (Mixed) (G1 Evacuation Pause) 4132M->3607M(5760M) 147.598ms
[2020-11-12T14:27:33.446+0100] GC(505) Pause Young (Mixed) (G1 Evacuation Pause) 3869M->3358M(5760M) 121.683ms
[2020-11-12T14:27:34.196+0100] GC(506) Pause Young (Mixed) (G1 Evacuation Pause) 3620M->3145M(5760M) 134.590ms
[2020-11-12T14:27:34.939+0100] GC(507) Pause Young (Mixed) (G1 Evacuation Pause) 3407M->2956M(5760M) 149.985ms
[2020-11-12T14:27:35.693+0100] GC(508) Pause Young (Mixed) (G1 Evacuation Pause) 3216M->2773M(5784M) 165.700ms
[2020-11-12T14:27:36.466+0100] GC(509) Pause Young (Mixed) (G1 Evacuation Pause) 3035M->2600M(5784M) 177.788ms
[2020-11-12T14:27:37.180+0100] GC(510) Pause Young (Mixed) (G1 Evacuation Pause) 2862M->2533M(5784M) 112.543ms
[2020-11-12T14:27:40.399+0100] GC(511) Pause Young (Normal) (G1 Evacuation Pause) 3915M->2618M(5784M) 55.719ms
[2020-11-12T14:27:42.596+0100] GC(512) Pause Young (Normal) (G1 Evacuation Pause) 3576M->2674M(5784M) 78.453ms
[2020-11-12T14:27:45.555+0100] GC(513) Pause Young (Normal) (G1 Evacuation Pause) 3970M->2750M(5784M) 86.050ms
[2020-11-12T14:27:47.497+0100] GC(514) Pause Young (Normal) (G1 Evacuation Pause) 3572M->2795M(5784M) 90.189ms
[2020-11-12T14:27:51.044+0100] GC(515) Pause Young (Normal) (G1 Evacuation Pause) 4333M->2885M(5784M) 76.935ms
