[2020-12-07T16:03:58.269+0100] Using Parallel
[2020-12-07T16:04:25.958+0100] GC(0) Pause Young (Allocation Failure) 512M->27M(1963M) 35.075ms
[2020-12-07T16:04:29.134+0100] GC(1) Pause Young (Allocation Failure) 540M->75M(1963M) 63.083ms
[2020-12-07T16:04:31.558+0100] GC(2) Pause Young (Allocation Failure) 587M->125M(1963M) 104.362ms
[2020-12-07T16:04:33.380+0100] GC(3) Pause Young (Allocation Failure) 638M->182M(2475M) 114.490ms
[2020-12-07T16:04:36.984+0100] GC(4) Pause Young (Allocation Failure) 1207M->305M(2475M) 181.070ms
[2020-12-07T16:04:40.532+0100] GC(5) Pause Young (Allocation Failure) 1330M->443M(3620M) 151.723ms
[2020-12-07T16:04:47.192+0100] GC(6) Pause Young (Allocation Failure) 2453M->693M(3660M) 334.961ms
[2020-12-07T16:04:53.760+0100] GC(7) Pause Young (Allocation Failure) 2703M->951M(5692M) 389.726ms
[2020-12-07T16:05:06.811+0100] GC(8) Pause Young (Allocation Failure) 4845M->1436M(5820M) 600.575ms
[2020-12-07T16:05:19.070+0100] GC(9) Pause Young (Allocation Failure) 5330M->1932M(5563M) 606.688ms
[2020-12-07T16:05:20.096+0100] GC(10) Expanding ParOldGen from 1398272K by 977920K to 2376192K
[2020-12-07T16:05:20.096+0100] GC(10) Pause Full (Ergonomics) 1932M->1844M(6518M) 1025.700ms
[2020-12-07T16:05:31.157+0100] GC(11) Pause Young (Allocation Failure) 5237M->2303M(6747M) 609.316ms
[2020-12-07T16:05:41.454+0100] GC(12) Pause Young (Allocation Failure) 5696M->2715M(6646M) 516.305ms
[2020-12-07T16:05:43.335+0100] GC(13) Expanding ParOldGen from 2376192K by 1477120K to 3853312K
[2020-12-07T16:05:43.336+0100] GC(13) Pause Full (Ergonomics) 2715M->2666M(8156M) 1881.772ms
[2020-12-07T16:05:54.958+0100] GC(14) Pause Young (Allocation Failure) 6162M->3141M(8224M) 483.015ms
[2020-12-07T16:06:05.952+0100] GC(15) Pause Young (Allocation Failure) 6636M->3563M(8177M) 655.715ms
[2020-12-07T16:06:16.999+0100] GC(16) Pause Young (Allocation Failure) 7119M->3998M(8231M) 574.748ms
[2020-12-07T16:06:20.290+0100] GC(17) Expanding ParOldGen from 3853312K by 1913344K to 5766656K
[2020-12-07T16:06:20.290+0100] GC(17) Pause Full (Ergonomics) 3998M->3946M(10099M) 3290.619ms
[2020-12-07T16:06:32.417+0100] GC(18) Pause Young (Allocation Failure) 7502M->4431M(10136M) 734.009ms
[2020-12-07T16:06:43.612+0100] GC(19) Pause Young (Allocation Failure) 8090M->4912M(10158M) 616.633ms
[2020-12-07T16:06:54.963+0100] GC(20) Pause Young (Allocation Failure) 8571M->5321M(10071M) 779.149ms
[2020-12-07T16:07:06.064+0100] GC(21) Pause Young (Allocation Failure) 8827M->5745M(9613M) 555.949ms
[2020-12-07T16:07:10.568+0100] GC(22) Expanding ParOldGen from 5766656K by 2480640K to 8247296K
[2020-12-07T16:07:10.568+0100] GC(22) Pause Full (Ergonomics) 5745M->5693M(12036M) 4503.816ms
[2020-12-07T16:07:48.765+0100] GC(23) Pause Young (Allocation Failure) 9199M->6132M(12623M) 1300.912ms
[2020-12-07T16:08:46.290+0100] GC(24) Pause Young (Allocation Failure) 9773M->6337M(12402M) 456.834ms
[2020-12-07T16:08:56.081+0100] GC(25) Pause Young (Allocation Failure) 9979M->6527M(12376M) 443.585ms
[2020-12-07T16:09:04.290+0100] GC(26) Pause Young (Allocation Failure) 9915M->6694M(12478M) 526.808ms
[2020-12-07T16:09:12.633+0100] GC(27) Pause Young (Allocation Failure) 10082M->6818M(12172M) 720.474ms
[2020-12-07T16:09:19.865+0100] GC(28) Pause Young (Allocation Failure) 9900M->6970M(12067M) 322.183ms
[2020-12-07T16:09:26.929+0100] GC(29) Pause Young (Allocation Failure) 10052M->7117M(12065M) 382.946ms
[2020-12-07T16:09:33.312+0100] GC(30) Pause Young (Allocation Failure) 9879M->7243M(12020M) 408.688ms
[2020-12-07T16:09:39.486+0100] GC(31) Pause Young (Allocation Failure) 10005M->7365M(11753M) 438.311ms
[2020-12-07T16:09:44.895+0100] GC(32) Pause Young (Allocation Failure) 9590M->7461M(11701M) 467.521ms
[2020-12-07T16:09:50.242+0100] GC(33) Pause Young (Allocation Failure) 9686M->7538M(11642M) 530.996ms
[2020-12-07T16:09:54.721+0100] GC(34) Pause Young (Allocation Failure) 9359M->7582M(11695M) 561.209ms
[2020-12-07T16:09:59.392+0100] GC(35) Pause Young (Allocation Failure) 9403M->7629M(11598M) 515.973ms
[2020-12-07T16:10:03.833+0100] GC(36) Pause Young (Allocation Failure) 9450M->7682M(11646M) 457.743ms
[2020-12-07T16:10:08.299+0100] GC(37) Pause Young (Allocation Failure) 9503M->7743M(11701M) 395.350ms
[2020-12-07T16:10:12.649+0100] GC(38) Pause Young (Allocation Failure) 9711M->7820M(11721M) 333.892ms
[2020-12-07T16:10:17.098+0100] GC(39) Pause Young (Allocation Failure) 9788M->7904M(11797M) 304.943ms
[2020-12-07T16:10:21.923+0100] GC(40) Pause Young (Allocation Failure) 9976M->7995M(11811M) 298.624ms
[2020-12-07T16:10:25.933+0100] GC(41) Expanding ParOldGen from 8247296K by 398848K to 8646144K
[2020-12-07T16:10:25.933+0100] GC(41) Pause Full (Ergonomics) 7995M->6055M(12219M) 4009.712ms
[2020-12-07T16:10:52.046+0100] GC(42) Pause Young (Allocation Failure) 8145M->6198M(10676M) 94.647ms
[2020-12-07T16:11:03.257+0100] GC(43) Pause Young (Allocation Failure) 8288M->6307M(12221M) 114.558ms
[2020-12-07T16:11:58.369+0100] GC(44) Pause Young (Allocation Failure) 8393M->6432M(10797M) 156.997ms
[2020-12-07T16:12:03.356+0100] GC(45) Pause Young (Allocation Failure) 8518M->6553M(12237M) 206.335ms
[2020-12-07T16:12:08.561+0100] GC(46) Pause Young (Allocation Failure) 8708M->6672M(12167M) 241.518ms
[2020-12-07T16:12:13.498+0100] GC(47) Pause Young (Allocation Failure) 8827M->6787M(12213M) 267.621ms
[2020-12-07T16:12:18.884+0100] GC(48) Pause Young (Allocation Failure) 9111M->6906M(12177M) 304.378ms
[2020-12-07T16:12:24.180+0100] GC(49) Pause Young (Allocation Failure) 9230M->7023M(12367M) 392.422ms
[2020-12-07T16:12:29.944+0100] GC(50) Pause Young (Allocation Failure) 9558M->7134M(12387M) 377.090ms
[2020-12-07T16:12:36.144+0100] GC(51) Pause Young (Allocation Failure) 9669M->7244M(12436M) 371.240ms
[2020-12-07T16:12:41.386+0100] GC(52) Pause Young (Allocation Failure) 9807M->7355M(11937M) 359.566ms
[2020-12-07T16:12:47.296+0100] GC(53) Pause Young (Allocation Failure) 9918M->7465M(12400M) 356.487ms
[2020-12-07T16:12:52.609+0100] GC(54) Pause Young (Allocation Failure) 9954M->7571M(11901M) 361.464ms
[2020-12-07T16:12:58.031+0100] GC(55) Pause Young (Allocation Failure) 10060M->7662M(12435M) 368.109ms
[2020-12-07T16:13:03.850+0100] GC(56) Pause Young (Allocation Failure) 10153M->7754M(11670M) 350.543ms
[2020-12-07T16:13:09.673+0100] GC(57) Pause Young (Allocation Failure) 10245M->7847M(12374M) 313.613ms
[2020-12-07T16:13:15.433+0100] GC(58) Pause Young (Allocation Failure) 10377M->7964M(12336M) 278.737ms
[2020-12-07T16:13:21.325+0100] GC(59) Pause Young (Allocation Failure) 10493M->8080M(12502M) 290.119ms
[2020-12-07T16:13:27.414+0100] GC(60) Pause Young (Allocation Failure) 10816M->8208M(12464M) 286.428ms
[2020-12-07T16:13:33.601+0100] GC(61) Pause Young (Allocation Failure) 10943M->8333M(12578M) 282.068ms
[2020-12-07T16:13:40.107+0100] GC(62) Pause Young (Allocation Failure) 11226M->8467M(12540M) 340.070ms
[2020-12-07T16:13:46.733+0100] GC(63) Pause Young (Allocation Failure) 11360M->8600M(12658M) 336.838ms
[2020-12-07T16:13:53.339+0100] GC(64) Pause Young (Allocation Failure) 11659M->8739M(12620M) 370.835ms
[2020-12-07T16:14:00.343+0100] GC(65) Pause Young (Allocation Failure) 11798M->8877M(12740M) 355.372ms
[2020-12-07T16:14:07.411+0100] GC(66) Pause Young (Allocation Failure) 12098M->9023M(12706M) 364.985ms
[2020-12-07T16:14:11.483+0100] GC(67) Expanding ParOldGen from 8646144K by 111104K to 8757248K
[2020-12-07T16:14:11.483+0100] GC(67) Pause Full (Ergonomics) 9023M->6055M(12912M) 4071.750ms
[2020-12-07T16:14:19.573+0100] GC(68) Pause Young (Allocation Failure) 9398M->6282M(12912M) 109.082ms
[2020-12-07T16:14:26.671+0100] GC(69) Pause Young (Allocation Failure) 9625M->6476M(12953M) 214.928ms
[2020-12-07T16:14:33.404+0100] GC(70) Pause Young (Allocation Failure) 9815M->6658M(12493M) 305.544ms
[2020-12-07T16:14:40.967+0100] GC(71) Pause Young (Allocation Failure) 9996M->6830M(12892M) 451.882ms
[2020-12-07T16:14:48.555+0100] GC(72) Pause Young (Allocation Failure) 10151M->6996M(12814M) 367.306ms
[2020-12-07T16:14:56.522+0100] GC(73) Pause Young (Allocation Failure) 10317M->7152M(12673M) 463.162ms
[2020-12-07T16:15:03.773+0100] GC(74) Pause Young (Allocation Failure) 10164M->7288M(12788M) 403.729ms
[2020-12-07T16:15:10.790+0100] GC(75) Pause Young (Allocation Failure) 10300M->7386M(12405M) 466.314ms
[2020-12-07T16:15:16.732+0100] GC(76) Pause Young (Allocation Failure) 10015M->7471M(12597M) 393.351ms
[2020-12-07T16:15:22.131+0100] GC(77) Pause Young (Allocation Failure) 10100M->7559M(12491M) 341.413ms
[2020-12-07T16:15:28.125+0100] GC(78) Pause Young (Allocation Failure) 10223M->7657M(12561M) 289.179ms
[2020-12-07T16:15:34.171+0100] GC(79) Pause Young (Allocation Failure) 10321M->7767M(12649M) 237.333ms
[2020-12-07T16:15:40.334+0100] GC(80) Pause Young (Allocation Failure) 10523M->7885M(11497M) 230.440ms
[2020-12-07T16:15:46.188+0100] GC(81) Pause Young (Allocation Failure) 10641M->8029M(12617M) 161.873ms
[2020-12-07T16:15:52.318+0100] GC(82) Pause Young (Allocation Failure) 10716M->8169M(12626M) 171.488ms
[2020-12-07T16:15:57.874+0100] GC(83) Pause Young (Allocation Failure) 10856M->8330M(12537M) 158.786ms
[2020-12-07T16:16:04.197+0100] GC(84) Pause Young (Allocation Failure) 11021M->8481M(12583M) 208.086ms
[2020-12-07T16:16:58.944+0100] GC(85) Pause Young (Allocation Failure) 11172M->8624M(12622M) 256.621ms
[2020-12-07T16:17:05.688+0100] GC(86) Pause Young (Allocation Failure) 11474M->8770M(12635M) 291.880ms
[2020-12-07T16:17:12.461+0100] GC(87) Pause Young (Allocation Failure) 11620M->8911M(12637M) 319.569ms
[2020-12-07T16:17:18.872+0100] GC(88) Pause Young (Allocation Failure) 11745M->9046M(12448M) 377.177ms
[2020-12-07T16:17:25.440+0100] GC(89) Pause Young (Allocation Failure) 11880M->9176M(12358M) 390.499ms
[2020-12-07T16:17:30.987+0100] GC(90) Pause Young (Allocation Failure) 11572M->9268M(12127M) 467.249ms
[2020-12-07T16:17:36.863+0100] GC(91) Pause Young (Allocation Failure) 11664M->9346M(12353M) 439.735ms
[2020-12-07T16:17:40.623+0100] GC(92) Expanding ParOldGen from 8757248K by 379392K to 9136640K
[2020-12-07T16:17:40.623+0100] GC(92) Pause Full (Ergonomics) 9346M->6054M(12742M) 3760.342ms
[2020-12-07T16:17:45.710+0100] GC(93) Pause Young (Allocation Failure) 8232M->6208M(12698M) 92.245ms
[2020-12-07T16:17:50.715+0100] GC(94) Pause Young (Allocation Failure) 8342M->6337M(12720M) 164.938ms
[2020-12-07T16:17:55.226+0100] GC(95) Pause Young (Allocation Failure) 8471M->6460M(12617M) 162.771ms
[2020-12-07T16:18:00.318+0100] GC(96) Pause Young (Allocation Failure) 8614M->6579M(12670M) 302.255ms
[2020-12-07T16:18:05.378+0100] GC(97) Pause Young (Allocation Failure) 8733M->6667M(12711M) 247.842ms
[2020-12-07T16:18:10.800+0100] GC(98) Pause Young (Allocation Failure) 9012M->6768M(12740M) 217.150ms
[2020-12-07T16:18:16.239+0100] GC(99) Pause Young (Allocation Failure) 9113M->6871M(12884M) 180.348ms
[2020-12-07T16:18:21.971+0100] GC(100) Pause Young (Allocation Failure) 9418M->7008M(12896M) 151.995ms
[2020-12-07T16:18:27.921+0100] GC(101) Pause Young (Allocation Failure) 9555M->7142M(12904M) 144.480ms
[2020-12-07T16:18:33.703+0100] GC(102) Pause Young (Allocation Failure) 9776M->7300M(12923M) 222.580ms
[2020-12-07T16:18:39.755+0100] GC(103) Pause Young (Allocation Failure) 9934M->7448M(12914M) 277.681ms
[2020-12-07T16:18:46.114+0100] GC(104) Pause Young (Allocation Failure) 10242M->7581M(12942M) 301.761ms
[2020-12-07T16:18:52.598+0100] GC(105) Pause Young (Allocation Failure) 10375M->7715M(13085M) 283.360ms
[2020-12-07T16:18:59.468+0100] GC(106) Pause Young (Allocation Failure) 10789M->7862M(13103M) 340.948ms
[2020-12-07T16:19:06.185+0100] GC(107) Pause Young (Allocation Failure) 10936M->8007M(13232M) 299.966ms
[2020-12-07T16:19:13.677+0100] GC(108) Pause Young (Allocation Failure) 11295M->8142M(13243M) 292.149ms
[2020-12-07T16:19:20.734+0100] GC(109) Pause Young (Allocation Failure) 11430M->8302M(13298M) 226.647ms
[2020-12-07T16:19:28.793+0100] GC(110) Pause Young (Allocation Failure) 11739M->8468M(13309M) 261.573ms
[2020-12-07T16:19:36.646+0100] GC(111) Pause Young (Allocation Failure) 11905M->8634M(13385M) 242.596ms
[2020-12-07T16:19:44.610+0100] GC(112) Pause Young (Allocation Failure) 12237M->8808M(13395M) 286.974ms
[2020-12-07T16:19:52.650+0100] GC(113) Pause Young (Allocation Failure) 12411M->8979M(13471M) 345.173ms
[2020-12-07T16:20:00.864+0100] GC(114) Pause Young (Allocation Failure) 12738M->9158M(13478M) 328.623ms
[2020-12-07T16:20:04.972+0100] GC(115) Expanding ParOldGen from 9136640K by 366080K to 9502720K
[2020-12-07T16:20:04.972+0100] GC(115) Pause Full (Ergonomics) 9158M->6054M(13917M) 4107.819ms
[2020-12-07T16:20:13.834+0100] GC(116) Pause Young (Allocation Failure) 9929M->6312M(13917M) 126.753ms
[2020-12-07T16:20:22.274+0100] GC(117) Pause Young (Allocation Failure) 10187M->6534M(13948M) 225.160ms
[2020-12-07T16:20:31.194+0100] GC(118) Pause Young (Allocation Failure) 10466M->6743M(13901M) 246.351ms
[2020-12-07T16:20:40.302+0100] GC(119) Pause Young (Allocation Failure) 10675M->6931M(13695M) 422.367ms
[2020-12-07T16:20:48.926+0100] GC(120) Pause Young (Allocation Failure) 10537M->7092M(13706M) 334.966ms
[2020-12-07T16:20:57.264+0100] GC(121) Pause Young (Allocation Failure) 10698M->7249M(13618M) 339.802ms
[2020-12-07T16:21:05.131+0100] GC(122) Pause Young (Allocation Failure) 10586M->7391M(13432M) 411.687ms
[2020-12-07T16:21:13.049+0100] GC(123) Pause Young (Allocation Failure) 10728M->7510M(13679M) 479.883ms
[2020-12-07T16:21:20.284+0100] GC(124) Pause Young (Allocation Failure) 10805M->7636M(12991M) 397.605ms
[2020-12-07T16:21:27.752+0100] GC(125) Pause Young (Allocation Failure) 10931M->7771M(13606M) 287.744ms
[2020-12-07T16:22:18.744+0100] GC(126) Pause Young (Allocation Failure) 11053M->7939M(13620M) 288.113ms
[2020-12-07T16:22:26.514+0100] GC(127) Pause Young (Allocation Failure) 11220M->8108M(13672M) 243.078ms
[2020-12-07T16:22:34.174+0100] GC(128) Pause Young (Allocation Failure) 11449M->8280M(12846M) 242.533ms
[2020-12-07T16:22:41.111+0100] GC(129) Pause Young (Allocation Failure) 11621M->8451M(13695M) 246.041ms
[2020-12-07T16:22:48.362+0100] GC(130) Pause Young (Allocation Failure) 11825M->8625M(13675M) 212.257ms
[2020-12-07T16:22:55.507+0100] GC(131) Pause Young (Allocation Failure) 11999M->8822M(13656M) 247.616ms
[2020-12-07T16:23:02.961+0100] GC(132) Pause Young (Allocation Failure) 12265M->9009M(13666M) 234.130ms
[2020-12-07T16:23:11.100+0100] GC(133) Pause Young (Allocation Failure) 12451M->9186M(13619M) 384.959ms
[2020-12-07T16:23:18.668+0100] GC(134) Pause Young (Allocation Failure) 12561M->9331M(13443M) 351.062ms
[2020-12-07T16:23:26.219+0100] GC(135) Pause Young (Allocation Failure) 12706M->9477M(13546M) 344.912ms
[2020-12-07T16:23:33.228+0100] GC(136) Pause Young (Allocation Failure) 12639M->9591M(13591M) 445.008ms
[2020-12-07T16:23:37.739+0100] GC(137) Expanding ParOldGen from 9502720K by 330752K to 9833472K
[2020-12-07T16:23:37.739+0100] GC(137) Pause Full (Ergonomics) 9591M->6054M(13907M) 4510.927ms
[2020-12-07T16:23:44.798+0100] GC(138) Pause Young (Allocation Failure) 9254M->6271M(13914M) 108.674ms
[2020-12-07T16:23:52.247+0100] GC(139) Pause Young (Allocation Failure) 9471M->6435M(13925M) 203.372ms
[2020-12-07T16:23:59.862+0100] GC(140) Pause Young (Allocation Failure) 9676M->6602M(13940M) 226.813ms
[2020-12-07T16:24:06.964+0100] GC(141) Pause Young (Allocation Failure) 9843M->6769M(13924M) 232.523ms
[2020-12-07T16:24:14.250+0100] GC(142) Pause Young (Allocation Failure) 10055M->6937M(13944M) 183.933ms
[2020-12-07T16:24:21.967+0100] GC(143) Pause Young (Allocation Failure) 10224M->7106M(13955M) 203.456ms
[2020-12-07T16:24:29.881+0100] GC(144) Pause Young (Allocation Failure) 10486M->7281M(13978M) 218.105ms
[2020-12-07T16:24:37.372+0100] GC(145) Pause Young (Allocation Failure) 10661M->7476M(13999M) 184.938ms
[2020-12-07T16:24:44.998+0100] GC(146) Pause Young (Allocation Failure) 10980M->7667M(14028M) 290.970ms
[2020-12-07T16:24:52.878+0100] GC(147) Pause Young (Allocation Failure) 11171M->7827M(14055M) 398.488ms
[2020-12-07T16:25:00.553+0100] GC(148) Pause Young (Allocation Failure) 11324M->7985M(13727M) 445.354ms
[2020-12-07T16:25:08.648+0100] GC(149) Pause Young (Allocation Failure) 11482M->8120M(14117M) 390.714ms
[2020-12-07T16:25:16.710+0100] GC(150) Pause Young (Allocation Failure) 11633M->8264M(13350M) 331.071ms
[2020-12-07T16:25:24.725+0100] GC(151) Pause Young (Allocation Failure) 11776M->8442M(14066M) 265.893ms
[2020-12-07T16:25:32.728+0100] GC(152) Pause Young (Allocation Failure) 11974M->8622M(14047M) 276.873ms
[2020-12-07T16:25:40.806+0100] GC(153) Pause Young (Allocation Failure) 12154M->8803M(14126M) 298.217ms
[2020-12-07T16:25:49.044+0100] GC(154) Pause Young (Allocation Failure) 12445M->8990M(14109M) 309.849ms
[2020-12-07T16:25:57.559+0100] GC(155) Pause Young (Allocation Failure) 12632M->9175M(14171M) 311.318ms
[2020-12-07T16:26:06.264+0100] GC(156) Pause Young (Allocation Failure) 12918M->9366M(14155M) 279.330ms
[2020-12-07T16:26:14.351+0100] GC(157) Pause Young (Allocation Failure) 13110M->9556M(14226M) 271.799ms
[2020-12-07T16:26:22.512+0100] GC(158) Pause Young (Allocation Failure) 13413M->9752M(14210M) 282.647ms
[2020-12-07T16:26:27.065+0100] GC(159) Expanding ParOldGen from 9833472K by 358400K to 10191872K
[2020-12-07T16:26:27.065+0100] GC(159) Pause Full (Ergonomics) 9752M->6055M(14617M) 4552.833ms
[2020-12-07T16:26:35.838+0100] GC(160) Pause Young (Allocation Failure) 9999M->6318M(14617M) 165.852ms
[2020-12-07T16:27:33.044+0100] GC(161) Pause Young (Allocation Failure) 10262M->6516M(14665M) 249.049ms
[2020-12-07T16:27:41.343+0100] GC(162) Pause Young (Allocation Failure) 10565M->6747M(14664M) 249.516ms
[2020-12-07T16:27:50.712+0100] GC(163) Pause Young (Allocation Failure) 10796M->6960M(14513M) 389.290ms
[2020-12-07T16:27:59.844+0100] GC(164) Pause Young (Allocation Failure) 10826M->7107M(14616M) 466.090ms
[2020-12-07T16:28:09.049+0100] GC(165) Pause Young (Allocation Failure) 10973M->7262M(14573M) 380.448ms
[2020-12-07T16:28:17.962+0100] GC(166) Pause Young (Allocation Failure) 11128M->7457M(14595M) 286.164ms
[2020-12-07T16:28:26.975+0100] GC(167) Pause Young (Allocation Failure) 11323M->7653M(14593M) 279.300ms
[2020-12-07T16:28:35.728+0100] GC(168) Pause Young (Allocation Failure) 11584M->7850M(14615M) 352.281ms
[2020-12-07T16:28:44.356+0100] GC(169) Pause Young (Allocation Failure) 11781M->8047M(14637M) 312.852ms
[2020-12-07T16:28:53.226+0100] GC(170) Pause Young (Allocation Failure) 12071M->8250M(14659M) 299.720ms
[2020-12-07T16:29:02.561+0100] GC(171) Pause Young (Allocation Failure) 12274M->8452M(14686M) 271.422ms
[2020-12-07T16:29:11.968+0100] GC(172) Pause Young (Allocation Failure) 12573M->8659M(14707M) 285.241ms
[2020-12-07T16:29:21.333+0100] GC(173) Pause Young (Allocation Failure) 12779M->8865M(14736M) 253.658ms
[2020-12-07T16:29:30.536+0100] GC(174) Pause Young (Allocation Failure) 13082M->9077M(14757M) 262.916ms
[2020-12-07T16:29:39.711+0100] GC(175) Pause Young (Allocation Failure) 13294M->9289M(14786M) 296.931ms
[2020-12-07T16:29:49.096+0100] GC(176) Pause Young (Allocation Failure) 13598M->9504M(14805M) 264.414ms
[2020-12-07T16:29:58.935+0100] GC(177) Pause Young (Allocation Failure) 13813M->9719M(14833M) 267.501ms
[2020-12-07T16:30:08.845+0100] GC(178) Pause Young (Allocation Failure) 14115M->9938M(14851M) 313.089ms
[2020-12-07T16:30:18.615+0100] GC(179) Pause Young (Allocation Failure) 14334M->10156M(14877M) 346.221ms
[2020-12-07T16:30:22.852+0100] GC(180) Expanding ParOldGen from 10191872K by 390144K to 10582016K
[2020-12-07T16:30:22.852+0100] GC(180) Pause Full (Ergonomics) 10156M->6055M(15275M) 4237.115ms
[2020-12-07T16:30:32.904+0100] GC(181) Pause Young (Allocation Failure) 10528M->6347M(15295M) 136.923ms
[2020-12-07T16:30:42.177+0100] GC(182) Pause Young (Allocation Failure) 10873M->6570M(15311M) 263.494ms
[2020-12-07T16:30:51.764+0100] GC(183) Pause Young (Allocation Failure) 11096M->6793M(15314M) 257.655ms
[2020-12-07T16:31:01.544+0100] GC(184) Pause Young (Allocation Failure) 11366M->7019M(15329M) 261.093ms
[2020-12-07T16:31:11.438+0100] GC(185) Pause Young (Allocation Failure) 11592M->7246M(15348M) 263.850ms
[2020-12-07T16:31:21.897+0100] GC(186) Pause Young (Allocation Failure) 11874M->7475M(15362M) 276.261ms
[2020-12-07T16:31:32.113+0100] GC(187) Pause Young (Allocation Failure) 12103M->7703M(15374M) 294.163ms
[2020-12-07T16:31:42.470+0100] GC(188) Pause Young (Allocation Failure) 12372M->7935M(15387M) 282.663ms
[2020-12-07T16:32:41.484+0100] GC(189) Pause Young (Allocation Failure) 12604M->8165M(15393M) 305.900ms
[2020-12-07T16:32:52.400+0100] GC(190) Pause Young (Allocation Failure) 12863M->8405M(15405M) 276.295ms
[2020-12-07T16:33:02.594+0100] GC(191) Pause Young (Allocation Failure) 13103M->8628M(15292M) 447.729ms
[2020-12-07T16:33:12.900+0100] GC(192) Pause Young (Allocation Failure) 13196M->8852M(15348M) 308.713ms
[2020-12-07T16:33:23.255+0100] GC(193) Pause Young (Allocation Failure) 13420M->9076M(15324M) 284.005ms
[2020-12-07T16:33:33.689+0100] GC(194) Pause Young (Allocation Failure) 13653M->9302M(15340M) 301.658ms
[2020-12-07T16:33:43.965+0100] GC(195) Pause Young (Allocation Failure) 13879M->9527M(15341M) 308.531ms
[2020-12-07T16:33:54.434+0100] GC(196) Pause Young (Allocation Failure) 14136M->9755M(15357M) 302.372ms
[2020-12-07T16:34:04.443+0100] GC(197) Pause Young (Allocation Failure) 14364M->9984M(15358M) 286.700ms
[2020-12-07T16:34:14.281+0100] GC(198) Pause Young (Allocation Failure) 14625M->10214M(15373M) 277.418ms
[2020-12-07T16:34:24.838+0100] GC(199) Pause Young (Allocation Failure) 14855M->10443M(15376M) 354.634ms
[2020-12-07T16:34:28.922+0100] GC(200) Expanding ParOldGen from 10582016K by 404480K to 10986496K
[2020-12-07T16:34:28.922+0100] GC(200) Pause Full (Ergonomics) 10443M->6054M(15785M) 4083.980ms
[2020-12-07T16:34:38.970+0100] GC(201) Pause Young (Allocation Failure) 10726M->6359M(15792M) 147.098ms
[2020-12-07T16:34:48.600+0100] GC(202) Pause Young (Allocation Failure) 11051M->6591M(15799M) 258.507ms
[2020-12-07T16:34:59.049+0100] GC(203) Pause Young (Allocation Failure) 11283M->6822M(15801M) 276.243ms
[2020-12-07T16:35:09.722+0100] GC(204) Pause Young (Allocation Failure) 11534M->7055M(15806M) 293.707ms
[2020-12-07T16:35:19.755+0100] GC(205) Pause Young (Allocation Failure) 11766M->7288M(15814M) 279.981ms
[2020-12-07T16:35:30.691+0100] GC(206) Pause Young (Allocation Failure) 12023M->7522M(15819M) 260.915ms
[2020-12-07T16:35:40.913+0100] GC(207) Pause Young (Allocation Failure) 12256M->7755M(15826M) 266.130ms
[2020-12-07T16:35:51.925+0100] GC(208) Pause Young (Allocation Failure) 12509M->7991M(15830M) 285.032ms
[2020-12-07T16:36:03.026+0100] GC(209) Pause Young (Allocation Failure) 12745M->8224M(15834M) 323.419ms
[2020-12-07T16:36:13.265+0100] GC(210) Pause Young (Allocation Failure) 12994M->8458M(15839M) 289.938ms
[2020-12-07T16:36:24.145+0100] GC(211) Pause Young (Allocation Failure) 13228M->8693M(15842M) 317.665ms
[2020-12-07T16:36:34.396+0100] GC(212) Pause Young (Allocation Failure) 13475M->8928M(15847M) 300.576ms
[2020-12-07T16:36:45.085+0100] GC(213) Pause Young (Allocation Failure) 13710M->9162M(15848M) 305.144ms
[2020-12-07T16:36:55.843+0100] GC(214) Pause Young (Allocation Failure) 13954M->9398M(15852M) 354.374ms
[2020-12-07T16:37:55.051+0100] GC(215) Pause Young (Allocation Failure) 14190M->9631M(15854M) 328.948ms
[2020-12-07T16:38:05.766+0100] GC(216) Pause Young (Allocation Failure) 14431M->9867M(15857M) 334.716ms
[2020-12-07T16:38:16.598+0100] GC(217) Pause Young (Allocation Failure) 14667M->10103M(15858M) 302.673ms
[2020-12-07T16:38:27.424+0100] GC(218) Pause Young (Allocation Failure) 14908M->10339M(15860M) 276.368ms
[2020-12-07T16:38:38.225+0100] GC(219) Pause Young (Allocation Failure) 15144M->10576M(15862M) 327.632ms
[2020-12-07T16:38:49.483+0100] GC(220) Pause Young (Allocation Failure) 15384M->10812M(15863M) 381.292ms
[2020-12-07T16:38:53.448+0100] GC(221) Expanding ParOldGen from 10986496K by 198656K to 11185152K
[2020-12-07T16:38:53.448+0100] GC(221) Pause Full (Ergonomics) 10812M->6057M(16058M) 3965.451ms
[2020-12-07T16:39:04.402+0100] GC(222) Pause Young (Allocation Failure) 10868M->6371M(16058M) 130.742ms
[2020-12-07T16:39:14.943+0100] GC(223) Pause Young (Allocation Failure) 11182M->6606M(16057M) 248.486ms
[2020-12-07T16:39:25.869+0100] GC(224) Pause Young (Allocation Failure) 11418M->6842M(16058M) 245.584ms
[2020-12-07T16:39:35.448+0100] GC(225) Pause Young (Allocation Failure) 11654M->7078M(16059M) 253.998ms
[2020-12-07T16:39:45.760+0100] GC(226) Pause Young (Allocation Failure) 11893M->7314M(16060M) 272.422ms
[2020-12-07T16:39:56.203+0100] GC(227) Pause Young (Allocation Failure) 12129M->7551M(16061M) 255.521ms
[2020-12-07T16:40:07.142+0100] GC(228) Pause Young (Allocation Failure) 12369M->7788M(16061M) 260.060ms
[2020-12-07T16:40:18.080+0100] GC(229) Pause Young (Allocation Failure) 12606M->8025M(16062M) 261.217ms
[2020-12-07T16:40:29.157+0100] GC(230) Pause Young (Allocation Failure) 12844M->8263M(16062M) 250.427ms
[2020-12-07T16:40:40.232+0100] GC(231) Pause Young (Allocation Failure) 13082M->8501M(16062M) 261.951ms
[2020-12-07T16:40:50.882+0100] GC(232) Pause Young (Allocation Failure) 13320M->8736M(16055M) 419.364ms
[2020-12-07T16:41:01.348+0100] GC(233) Pause Young (Allocation Failure) 13555M->8973M(16063M) 317.498ms
[2020-12-07T16:41:12.091+0100] GC(234) Pause Young (Allocation Failure) 13793M->9209M(16062M) 327.414ms
[2020-12-07T16:41:23.253+0100] GC(235) Pause Young (Allocation Failure) 14029M->9446M(16063M) 301.786ms
[2020-12-07T16:41:33.816+0100] GC(236) Pause Young (Allocation Failure) 14268M->9681M(16063M) 304.526ms
[2020-12-07T16:41:44.714+0100] GC(237) Pause Young (Allocation Failure) 14503M->9919M(16064M) 298.797ms
[2020-12-07T16:41:55.365+0100] GC(238) Pause Young (Allocation Failure) 14742M->10154M(16064M) 280.809ms
[2020-12-07T16:42:05.938+0100] GC(239) Pause Young (Allocation Failure) 14977M->10391M(16065M) 295.007ms
[2020-12-07T16:43:04.485+0100] GC(240) Pause Young (Allocation Failure) 15216M->10627M(16065M) 289.047ms
[2020-12-07T16:43:15.566+0100] GC(241) Pause Young (Allocation Failure) 15451M->10863M(16065M) 285.558ms
[2020-12-07T16:43:25.646+0100] GC(242) Pause Young (Allocation Failure) 15689M->11099M(16066M) 376.751ms
[2020-12-07T16:43:29.968+0100] GC(243) Pause Full (Ergonomics) 11099M->6055M(16067M) 4322.391ms
[2020-12-07T16:43:41.033+0100] GC(244) Pause Young (Allocation Failure) 10882M->6369M(16067M) 141.291ms
[2020-12-07T16:43:51.552+0100] GC(245) Pause Young (Allocation Failure) 11196M->6606M(16067M) 252.869ms
[2020-12-07T16:44:02.850+0100] GC(246) Pause Young (Allocation Failure) 11434M->6842M(16064M) 242.971ms
[2020-12-07T16:44:13.805+0100] GC(247) Pause Young (Allocation Failure) 11670M->7079M(16067M) 232.225ms
[2020-12-07T16:44:25.014+0100] GC(248) Pause Young (Allocation Failure) 11907M->7315M(16067M) 227.862ms
[2020-12-07T16:44:36.076+0100] GC(249) Pause Young (Allocation Failure) 12143M->7554M(16067M) 248.574ms
[2020-12-07T16:44:47.194+0100] GC(250) Pause Young (Allocation Failure) 12382M->7790M(16067M) 272.862ms
[2020-12-07T16:44:58.264+0100] GC(251) Pause Young (Allocation Failure) 12618M->8027M(16066M) 265.169ms
[2020-12-07T16:45:09.282+0100] GC(252) Pause Young (Allocation Failure) 12855M->8264M(16067M) 227.880ms
[2020-12-07T16:45:20.437+0100] GC(253) Pause Young (Allocation Failure) 13092M->8501M(16067M) 230.012ms
[2020-12-07T16:45:30.943+0100] GC(254) Pause Young (Allocation Failure) 13330M->8738M(16067M) 243.634ms
[2020-12-07T16:45:41.401+0100] GC(255) Pause Young (Allocation Failure) 13567M->8974M(16068M) 237.526ms
[2020-12-07T16:45:51.777+0100] GC(256) Pause Young (Allocation Failure) 13803M->9211M(16068M) 234.908ms
[2020-12-07T16:46:01.761+0100] GC(257) Pause Young (Allocation Failure) 14040M->9448M(16068M) 241.471ms
[2020-12-07T16:46:12.413+0100] GC(258) Pause Young (Allocation Failure) 14277M->9685M(16066M) 251.755ms
[2020-12-07T16:46:23.017+0100] GC(259) Pause Young (Allocation Failure) 14514M->9922M(16067M) 266.849ms
[2020-12-07T16:46:33.861+0100] GC(260) Pause Young (Allocation Failure) 14751M->10159M(16067M) 248.408ms
[2020-12-07T16:46:44.297+0100] GC(261) Pause Young (Allocation Failure) 14988M->10396M(16067M) 252.950ms
[2020-12-07T16:46:54.866+0100] GC(262) Pause Young (Allocation Failure) 15226M->10633M(16068M) 257.896ms
[2020-12-07T16:47:05.612+0100] GC(263) Pause Young (Allocation Failure) 15463M->10871M(16068M) 247.187ms
[2020-12-07T16:47:15.719+0100] GC(264) Pause Young (Allocation Failure) 15701M->11109M(16068M) 278.463ms
[2020-12-07T16:47:19.625+0100] GC(265) Pause Full (Ergonomics) 11109M->6072M(16068M) 3905.720ms
[2020-12-07T16:48:18.599+0100] GC(266) Pause Young (Allocation Failure) 10902M->6387M(16068M) 137.145ms
[2020-12-07T16:48:29.702+0100] GC(267) Pause Young (Allocation Failure) 11217M->6623M(16068M) 233.178ms
[2020-12-07T16:48:40.888+0100] GC(268) Pause Young (Allocation Failure) 11453M->6859M(16068M) 354.559ms
[2020-12-07T16:48:51.850+0100] GC(269) Pause Young (Allocation Failure) 11689M->7095M(16068M) 239.023ms
[2020-12-07T16:49:02.284+0100] GC(270) Pause Young (Allocation Failure) 11925M->7333M(16068M) 241.874ms
[2020-12-07T16:49:12.267+0100] GC(271) Pause Young (Allocation Failure) 12163M->7571M(16067M) 238.421ms
[2020-12-07T16:49:23.186+0100] GC(272) Pause Young (Allocation Failure) 12400M->7808M(16068M) 241.341ms
[2020-12-07T16:49:33.826+0100] GC(273) Pause Young (Allocation Failure) 12637M->8046M(16068M) 234.409ms
[2020-12-07T16:49:44.674+0100] GC(274) Pause Young (Allocation Failure) 12875M->8283M(16068M) 237.816ms
[2020-12-07T16:49:54.643+0100] GC(275) Pause Young (Allocation Failure) 13112M->8520M(16068M) 232.235ms
[2020-12-07T16:50:05.169+0100] GC(276) Pause Young (Allocation Failure) 13349M->8757M(16066M) 237.888ms
[2020-12-07T16:50:15.936+0100] GC(277) Pause Young (Allocation Failure) 13586M->8993M(16067M) 235.938ms
[2020-12-07T16:50:26.643+0100] GC(278) Pause Young (Allocation Failure) 13822M->9231M(16067M) 243.660ms
[2020-12-07T16:50:37.300+0100] GC(279) Pause Young (Allocation Failure) 14060M->9467M(16068M) 239.645ms
[2020-12-07T16:50:48.368+0100] GC(280) Pause Young (Allocation Failure) 14297M->9704M(16068M) 235.424ms
[2020-12-07T16:50:58.540+0100] GC(281) Pause Young (Allocation Failure) 14534M->9941M(16068M) 237.284ms
[2020-12-07T16:51:09.188+0100] GC(282) Pause Young (Allocation Failure) 14771M->10178M(16068M) 244.172ms
[2020-12-07T16:51:20.290+0100] GC(283) Pause Young (Allocation Failure) 15008M->10415M(16068M) 306.498ms
[2020-12-07T16:51:31.484+0100] GC(284) Pause Young (Allocation Failure) 15245M->10652M(16068M) 297.799ms
[2020-12-07T16:51:42.808+0100] GC(285) Pause Young (Allocation Failure) 15482M->10888M(16068M) 305.844ms
