[2020-11-12T13:46:36.452+0100] Using Parallel
[2020-11-12T13:47:03.121+0100] GC(0) Pause Young (Allocation Failure) 512M->30M(1963M) 40.111ms
[2020-11-12T13:47:06.702+0100] GC(1) Pause Young (Allocation Failure) 542M->79M(1963M) 82.375ms
[2020-11-12T13:47:09.417+0100] GC(2) Pause Young (Allocation Failure) 591M->131M(1963M) 133.964ms
[2020-11-12T13:47:11.245+0100] GC(3) Pause Young (Allocation Failure) 644M->192M(2475M) 116.589ms
[2020-11-12T13:47:14.888+0100] GC(4) Pause Young (Allocation Failure) 1217M->317M(2475M) 153.113ms
[2020-11-12T13:47:18.680+0100] GC(5) Pause Young (Allocation Failure) 1342M->463M(3080M) 188.176ms
[2020-11-12T13:47:23.860+0100] GC(6) Pause Young (Allocation Failure) 1929M->652M(3122M) 290.749ms
[2020-11-12T13:47:29.014+0100] GC(7) Pause Young (Allocation Failure) 2118M->840M(2674M) 280.024ms
[2020-11-12T13:47:32.419+0100] GC(8) Pause Young (Allocation Failure) 1858M->977M(2728M) 248.971ms
[2020-11-12T13:47:35.838+0100] GC(9) Pause Young (Allocation Failure) 1995M->1102M(2885M) 240.290ms
[2020-11-12T13:47:39.172+0100] GC(10) Pause Young (Allocation Failure) 2087M->1214M(2493M) 243.955ms
[2020-11-12T13:47:42.337+0100] GC(11) Pause Young (Allocation Failure) 2199M->1340M(2879M) 143.718ms
[2020-11-12T13:47:43.111+0100] GC(12) Expanding ParOldGen from 1398272K by 836096K to 2234368K
[2020-11-12T13:47:43.111+0100] GC(12) Pause Full (Ergonomics) 1340M->1314M(3681M) 774.172ms
[2020-11-12T13:47:46.187+0100] GC(13) Pause Young (Allocation Failure) 2314M->1459M(3714M) 60.519ms
[2020-11-12T13:47:49.475+0100] GC(14) Pause Young (Allocation Failure) 2509M->1594M(3715M) 151.306ms
[2020-11-12T13:47:52.851+0100] GC(15) Pause Young (Allocation Failure) 2644M->1729M(3728M) 160.968ms
[2020-11-12T13:47:56.277+0100] GC(16) Pause Young (Allocation Failure) 2828M->1871M(3729M) 161.325ms
[2020-11-12T13:47:59.538+0100] GC(17) Pause Young (Allocation Failure) 2970M->2012M(3764M) 170.672ms
[2020-11-12T13:48:34.215+0100] GC(18) Pause Young (Allocation Failure) 3182M->2096M(3764M) 168.216ms
[2020-11-12T13:48:35.315+0100] GC(19) Expanding ParOldGen from 2234368K by 898560K to 3132928K
[2020-11-12T13:48:35.315+0100] GC(19) Pause Full (Ergonomics) 2096M->2029M(4688M) 1099.835ms
[2020-11-12T13:48:42.300+0100] GC(20) Pause Young (Allocation Failure) 3253M->2119M(4688M) 51.200ms
[2020-11-12T13:48:46.833+0100] GC(21) Pause Young (Allocation Failure) 3343M->2186M(4692M) 118.284ms
[2020-11-12T13:48:51.246+0100] GC(22) Pause Young (Allocation Failure) 3431M->2256M(4694M) 101.994ms
[2020-11-12T13:48:55.679+0100] GC(23) Pause Young (Allocation Failure) 3501M->2331M(4703M) 111.362ms
[2020-11-12T13:48:59.935+0100] GC(24) Pause Young (Allocation Failure) 3610M->2405M(4706M) 113.317ms
[2020-11-12T13:49:04.208+0100] GC(25) Pause Young (Allocation Failure) 3684M->2477M(4723M) 103.144ms
[2020-11-12T13:49:07.600+0100] GC(26) Pause Young (Allocation Failure) 3801M->2553M(4727M) 116.772ms
[2020-11-12T13:49:11.039+0100] GC(27) Pause Young (Allocation Failure) 3877M->2628M(4746M) 109.465ms
[2020-11-12T13:49:14.570+0100] GC(28) Pause Young (Allocation Failure) 4002M->2707M(4750M) 110.680ms
[2020-11-12T13:49:17.849+0100] GC(29) Pause Young (Allocation Failure) 4081M->2785M(4774M) 116.129ms
[2020-11-12T13:49:21.428+0100] GC(30) Pause Young (Allocation Failure) 4212M->2865M(4777M) 120.591ms
[2020-11-12T13:49:24.864+0100] GC(31) Pause Young (Allocation Failure) 4292M->2946M(4801M) 113.694ms
[2020-11-12T13:49:28.651+0100] GC(32) Pause Young (Allocation Failure) 4425M->3029M(4804M) 117.035ms
[2020-11-12T13:49:29.989+0100] GC(33) Expanding ParOldGen from 3132928K by 71680K to 3204608K
[2020-11-12T13:49:29.989+0100] GC(33) Pause Full (Ergonomics) 3029M->2029M(4903M) 1338.392ms
[2020-11-12T13:49:33.703+0100] GC(34) Pause Young (Allocation Failure) 3550M->2144M(4903M) 68.135ms
[2020-11-12T13:49:37.441+0100] GC(35) Pause Young (Allocation Failure) 3665M->2229M(4913M) 97.580ms
[2020-11-12T13:49:41.158+0100] GC(36) Pause Young (Allocation Failure) 3781M->2316M(4912M) 92.910ms
[2020-11-12T13:49:44.888+0100] GC(37) Pause Young (Allocation Failure) 3868M->2402M(4937M) 85.126ms
[2020-11-12T13:49:48.638+0100] GC(38) Pause Young (Allocation Failure) 3995M->2490M(4934M) 91.775ms
[2020-11-12T13:49:52.364+0100] GC(39) Pause Young (Allocation Failure) 4083M->2578M(4958M) 87.752ms
[2020-11-12T13:49:56.209+0100] GC(40) Pause Young (Allocation Failure) 4208M->2668M(4954M) 99.175ms
[2020-11-12T13:50:00.061+0100] GC(41) Pause Young (Allocation Failure) 4298M->2758M(4977M) 89.776ms
[2020-11-12T13:50:04.063+0100] GC(42) Pause Young (Allocation Failure) 4419M->2851M(4972M) 95.327ms
[2020-11-12T13:50:07.782+0100] GC(43) Pause Young (Allocation Failure) 4512M->2942M(4991M) 90.762ms
[2020-11-12T13:50:11.562+0100] GC(44) Pause Young (Allocation Failure) 4627M->3035M(4986M) 94.928ms
[2020-11-12T13:50:15.308+0100] GC(45) Pause Young (Allocation Failure) 4720M->3129M(4999M) 122.262ms
[2020-11-12T13:50:19.412+0100] GC(46) Pause Young (Allocation Failure) 4830M->3222M(4996M) 123.810ms
[2020-11-12T13:50:20.855+0100] GC(47) Expanding ParOldGen from 3204608K by 235520K to 3440128K
[2020-11-12T13:50:20.855+0100] GC(47) Pause Full (Ergonomics) 3222M->2030M(5236M) 1442.446ms
[2020-11-12T13:50:25.012+0100] GC(48) Pause Young (Allocation Failure) 3744M->2157M(5236M) 55.292ms
[2020-11-12T13:50:29.115+0100] GC(49) Pause Young (Allocation Failure) 3871M->2251M(5243M) 91.629ms
[2020-11-12T13:50:33.188+0100] GC(50) Pause Young (Allocation Failure) 3976M->2346M(5243M) 86.861ms
[2020-11-12T13:50:37.392+0100] GC(51) Pause Young (Allocation Failure) 4071M->2441M(5247M) 91.797ms
[2020-11-12T13:50:41.585+0100] GC(52) Pause Young (Allocation Failure) 4174M->2536M(5247M) 111.394ms
[2020-11-12T13:50:45.624+0100] GC(53) Pause Young (Allocation Failure) 4269M->2631M(5251M) 97.725ms
[2020-11-12T13:50:49.867+0100] GC(54) Pause Young (Allocation Failure) 4371M->2726M(5251M) 97.794ms
[2020-11-12T13:50:54.065+0100] GC(55) Pause Young (Allocation Failure) 4466M->2821M(5253M) 94.931ms
[2020-11-12T13:50:58.002+0100] GC(56) Pause Young (Allocation Failure) 4566M->2915M(5254M) 89.527ms
[2020-11-12T13:51:01.803+0100] GC(57) Pause Young (Allocation Failure) 4660M->3011M(5257M) 97.735ms
[2020-11-12T13:51:05.967+0100] GC(58) Pause Young (Allocation Failure) 4762M->3106M(5257M) 90.760ms
[2020-11-12T13:51:10.142+0100] GC(59) Pause Young (Allocation Failure) 4857M->3202M(5260M) 93.630ms
[2020-11-12T13:51:14.428+0100] GC(60) Pause Young (Allocation Failure) 4958M->3298M(5260M) 120.249ms
[2020-11-12T13:51:18.728+0100] GC(61) Pause Young (Allocation Failure) 5054M->3394M(5262M) 131.759ms
[2020-11-12T13:51:20.165+0100] GC(62) Expanding ParOldGen from 3440128K by 225280K to 3665408K
[2020-11-12T13:51:20.165+0100] GC(62) Pause Full (Ergonomics) 3394M->2030M(5482M) 1437.180ms
[2020-11-12T13:51:24.251+0100] GC(63) Pause Young (Allocation Failure) 3789M->2160M(5484M) 53.215ms
[2020-11-12T13:51:28.422+0100] GC(64) Pause Young (Allocation Failure) 3922M->2257M(5484M) 90.565ms
[2020-11-12T13:51:32.677+0100] GC(65) Pause Young (Allocation Failure) 4018M->2352M(5483M) 91.748ms
[2020-11-12T13:51:36.868+0100] GC(66) Pause Young (Allocation Failure) 4115M->2449M(5483M) 94.539ms
[2020-11-12T13:51:41.144+0100] GC(67) Pause Young (Allocation Failure) 4212M->2546M(5485M) 116.951ms
[2020-11-12T13:51:45.585+0100] GC(68) Pause Young (Allocation Failure) 4311M->2642M(5485M) 117.673ms
[2020-11-12T13:51:50.024+0100] GC(69) Pause Young (Allocation Failure) 4408M->2739M(5486M) 116.541ms
[2020-11-12T13:51:54.413+0100] GC(70) Pause Young (Allocation Failure) 4507M->2836M(5486M) 119.727ms
[2020-11-12T13:51:58.436+0100] GC(71) Pause Young (Allocation Failure) 4603M->2932M(5487M) 112.354ms
[2020-11-12T13:52:02.195+0100] GC(72) Pause Young (Allocation Failure) 4701M->3028M(5487M) 138.932ms
[2020-11-12T13:52:06.323+0100] GC(73) Pause Young (Allocation Failure) 4798M->3125M(5488M) 106.541ms
[2020-11-12T13:52:10.583+0100] GC(74) Pause Young (Allocation Failure) 4897M->3222M(5488M) 104.000ms
[2020-11-12T13:52:14.908+0100] GC(75) Pause Young (Allocation Failure) 4993M->3318M(5489M) 100.836ms
[2020-11-12T13:52:19.102+0100] GC(76) Pause Young (Allocation Failure) 5092M->3415M(5489M) 106.437ms
[2020-11-12T13:52:23.286+0100] GC(77) Pause Young (Allocation Failure) 5189M->3512M(5491M) 128.742ms
[2020-11-12T13:52:27.474+0100] GC(78) Pause Young (Allocation Failure) 5287M->3618M(5489M) 144.639ms
[2020-11-12T13:52:28.709+0100] GC(79) Expanding ParOldGen from 3665408K by 292864K to 3958272K
[2020-11-12T13:52:28.709+0100] GC(79) Pause Full (Ergonomics) 3618M->2078M(5776M) 1234.774ms
[2020-11-12T13:52:32.998+0100] GC(80) Pause Young (Allocation Failure) 3851M->2208M(5768M) 94.963ms
[2020-11-12T13:52:37.332+0100] GC(81) Pause Young (Allocation Failure) 3981M->2305M(5776M) 91.903ms
[2020-11-12T13:52:41.453+0100] GC(82) Pause Young (Allocation Failure) 4078M->2401M(5775M) 90.070ms
[2020-11-12T13:52:45.739+0100] GC(83) Pause Young (Allocation Failure) 4175M->2498M(5776M) 94.892ms
[2020-11-12T13:52:49.935+0100] GC(84) Pause Young (Allocation Failure) 4273M->2596M(5776M) 94.461ms
[2020-11-12T13:52:54.280+0100] GC(85) Pause Young (Allocation Failure) 4371M->2693M(5777M) 92.422ms
[2020-11-12T13:52:58.496+0100] GC(86) Pause Young (Allocation Failure) 4470M->2790M(5777M) 92.185ms
[2020-11-12T13:53:02.658+0100] GC(87) Pause Young (Allocation Failure) 4566M->2887M(5778M) 117.640ms
[2020-11-12T13:53:06.980+0100] GC(88) Pause Young (Allocation Failure) 4665M->2983M(5778M) 111.603ms
[2020-11-12T13:53:11.232+0100] GC(89) Pause Young (Allocation Failure) 4761M->3081M(5778M) 113.874ms
[2020-11-12T13:53:15.516+0100] GC(90) Pause Young (Allocation Failure) 4860M->3178M(5778M) 120.225ms
[2020-11-12T13:53:19.992+0100] GC(91) Pause Young (Allocation Failure) 4957M->3275M(5778M) 119.209ms
[2020-11-12T13:53:24.032+0100] GC(92) Pause Young (Allocation Failure) 5055M->3372M(5779M) 108.727ms
[2020-11-12T13:53:28.407+0100] GC(93) Pause Young (Allocation Failure) 5152M->3469M(5780M) 108.032ms
[2020-11-12T13:53:32.703+0100] GC(94) Pause Young (Allocation Failure) 5250M->3566M(5780M) 107.992ms
[2020-11-12T13:53:36.858+0100] GC(95) Pause Young (Allocation Failure) 5347M->3664M(5780M) 117.227ms
[2020-11-12T13:53:41.183+0100] GC(96) Pause Young (Allocation Failure) 5445M->3760M(5777M) 134.928ms
[2020-11-12T13:53:44.930+0100] GC(97) Pause Young (Allocation Failure) 5541M->3858M(5779M) 170.778ms
[2020-11-12T13:53:48.980+0100] GC(98) Pause Young (Allocation Failure) 5639M->3954M(5779M) 130.568ms
[2020-11-12T13:53:50.198+0100] GC(99) Expanding ParOldGen from 3958272K by 138752K to 4097024K
[2020-11-12T13:53:50.198+0100] GC(99) Pause Full (Ergonomics) 3954M->2030M(5916M) 1218.181ms
[2020-11-12T13:53:54.238+0100] GC(100) Pause Young (Allocation Failure) 3812M->2162M(5915M) 53.874ms
[2020-11-12T13:53:58.364+0100] GC(101) Pause Young (Allocation Failure) 3944M->2259M(5916M) 88.735ms
[2020-11-12T13:54:02.516+0100] GC(102) Pause Young (Allocation Failure) 4040M->2357M(5915M) 88.258ms
[2020-11-12T13:54:06.924+0100] GC(103) Pause Young (Allocation Failure) 4138M->2454M(5915M) 95.874ms
[2020-11-12T13:54:11.198+0100] GC(104) Pause Young (Allocation Failure) 4235M->2551M(5915M) 86.624ms
[2020-11-12T13:54:15.364+0100] GC(105) Pause Young (Allocation Failure) 4333M->2648M(5916M) 89.833ms
[2020-11-12T13:54:19.632+0100] GC(106) Pause Young (Allocation Failure) 4430M->2744M(5916M) 90.921ms
[2020-11-12T13:54:23.936+0100] GC(107) Pause Young (Allocation Failure) 4526M->2841M(5915M) 93.145ms
[2020-11-12T13:54:28.137+0100] GC(108) Pause Young (Allocation Failure) 4623M->2938M(5915M) 95.193ms
[2020-11-12T13:54:32.428+0100] GC(109) Pause Young (Allocation Failure) 4720M->3035M(5916M) 90.514ms
[2020-11-12T13:54:36.630+0100] GC(110) Pause Young (Allocation Failure) 4818M->3133M(5916M) 90.480ms
[2020-11-12T13:54:40.740+0100] GC(111) Pause Young (Allocation Failure) 4916M->3230M(5916M) 94.901ms
[2020-11-12T13:54:44.991+0100] GC(112) Pause Young (Allocation Failure) 5013M->3327M(5916M) 91.859ms
[2020-11-12T13:54:48.743+0100] GC(113) Pause Young (Allocation Failure) 5110M->3424M(5916M) 91.134ms
[2020-11-12T13:54:52.859+0100] GC(114) Pause Young (Allocation Failure) 5207M->3522M(5916M) 93.175ms
[2020-11-12T13:54:57.167+0100] GC(115) Pause Young (Allocation Failure) 5305M->3618M(5916M) 94.100ms
[2020-11-12T13:55:01.329+0100] GC(116) Pause Young (Allocation Failure) 5401M->3715M(5916M) 95.491ms
[2020-11-12T13:55:05.400+0100] GC(117) Pause Young (Allocation Failure) 5498M->3813M(5915M) 95.422ms
[2020-11-12T13:55:09.624+0100] GC(118) Pause Young (Allocation Failure) 5595M->3911M(5916M) 96.255ms
[2020-11-12T13:55:13.908+0100] GC(119) Pause Young (Allocation Failure) 5693M->4008M(5916M) 120.569ms
[2020-11-12T13:55:18.070+0100] GC(120) Pause Young (Allocation Failure) 5791M->4106M(5916M) 145.095ms
[2020-11-12T13:55:19.529+0100] GC(121) Expanding ParOldGen from 4097024K by 97280K to 4194304K
[2020-11-12T13:55:19.529+0100] GC(121) Pause Full (Ergonomics) 4106M->2030M(6011M) 1459.419ms
[2020-11-12T13:55:23.548+0100] GC(122) Pause Young (Allocation Failure) 3813M->2161M(6011M) 55.948ms
[2020-11-12T13:55:27.851+0100] GC(123) Pause Young (Allocation Failure) 3944M->2258M(6011M) 96.592ms
[2020-11-12T13:55:32.239+0100] GC(124) Pause Young (Allocation Failure) 4041M->2356M(6011M) 91.585ms
[2020-11-12T13:55:36.665+0100] GC(125) Pause Young (Allocation Failure) 4139M->2453M(6011M) 88.765ms
[2020-11-12T13:55:41.070+0100] GC(126) Pause Young (Allocation Failure) 4236M->2550M(6011M) 114.847ms
[2020-11-12T13:55:45.435+0100] GC(127) Pause Young (Allocation Failure) 4333M->2647M(6011M) 123.550ms
[2020-11-12T13:55:49.584+0100] GC(128) Pause Young (Allocation Failure) 4430M->2745M(6010M) 92.849ms
[2020-11-12T13:55:53.847+0100] GC(129) Pause Young (Allocation Failure) 4528M->2842M(6011M) 91.801ms
[2020-11-12T13:55:57.561+0100] GC(130) Pause Young (Allocation Failure) 4625M->2939M(6011M) 94.051ms
[2020-11-12T13:56:01.658+0100] GC(131) Pause Young (Allocation Failure) 4722M->3037M(6012M) 94.666ms
[2020-11-12T13:56:05.732+0100] GC(132) Pause Young (Allocation Failure) 4821M->3134M(6012M) 92.594ms
[2020-11-12T13:56:10.016+0100] GC(133) Pause Young (Allocation Failure) 4918M->3231M(6012M) 97.114ms
[2020-11-12T13:56:13.770+0100] GC(134) Pause Young (Allocation Failure) 5015M->3327M(6012M) 96.356ms
[2020-11-12T13:56:17.983+0100] GC(135) Pause Young (Allocation Failure) 5111M->3426M(6011M) 94.108ms
[2020-11-12T13:56:22.251+0100] GC(136) Pause Young (Allocation Failure) 5209M->3523M(6011M) 98.185ms
[2020-11-12T13:56:26.601+0100] GC(137) Pause Young (Allocation Failure) 5306M->3620M(6011M) 95.973ms
[2020-11-12T13:56:30.859+0100] GC(138) Pause Young (Allocation Failure) 5403M->3718M(6011M) 95.633ms
[2020-11-12T13:56:35.149+0100] GC(139) Pause Young (Allocation Failure) 5501M->3815M(6010M) 93.897ms
[2020-11-12T13:56:39.159+0100] GC(140) Pause Young (Allocation Failure) 5598M->3912M(6011M) 95.627ms
[2020-11-12T13:56:43.475+0100] GC(141) Pause Young (Allocation Failure) 5695M->4010M(6012M) 98.070ms
[2020-11-12T13:56:47.821+0100] GC(142) Pause Young (Allocation Failure) 5794M->4108M(6012M) 97.031ms
[2020-11-12T13:56:52.072+0100] GC(143) Pause Young (Allocation Failure) 5892M->4205M(6011M) 131.365ms
[2020-11-12T13:56:53.570+0100] GC(144) Pause Full (Ergonomics) 4205M->2030M(6011M) 1498.045ms
[2020-11-12T13:56:57.875+0100] GC(145) Pause Young (Allocation Failure) 3813M->2162M(6011M) 52.796ms
[2020-11-12T13:57:02.207+0100] GC(146) Pause Young (Allocation Failure) 3945M->2259M(6011M) 92.147ms
[2020-11-12T13:57:06.360+0100] GC(147) Pause Young (Allocation Failure) 4042M->2357M(6011M) 94.298ms
[2020-11-12T13:57:10.670+0100] GC(148) Pause Young (Allocation Failure) 4140M->2462M(6011M) 106.910ms
[2020-11-12T13:57:15.197+0100] GC(149) Pause Young (Allocation Failure) 4245M->2567M(5935M) 105.071ms
[2020-11-12T13:57:19.492+0100] GC(150) Pause Young (Allocation Failure) 4274M->2659M(5973M) 117.693ms
[2020-11-12T13:57:23.614+0100] GC(151) Pause Young (Allocation Failure) 4366M->2753M(5972M) 95.077ms
[2020-11-12T13:57:27.971+0100] GC(152) Pause Young (Allocation Failure) 4460M->2847M(5973M) 99.335ms
[2020-11-12T13:57:32.373+0100] GC(153) Pause Young (Allocation Failure) 4554M->2940M(5972M) 89.952ms
[2020-11-12T13:58:19.776+0100] GC(154) Pause Young (Allocation Failure) 4649M->3029M(5973M) 120.842ms
[2020-11-12T13:58:26.997+0100] GC(155) Pause Young (Allocation Failure) 4738M->3120M(5973M) 88.597ms
[2020-11-12T13:58:33.923+0100] GC(156) Pause Young (Allocation Failure) 4832M->3216M(5974M) 99.204ms
[2020-11-12T13:58:40.672+0100] GC(157) Pause Young (Allocation Failure) 4928M->3317M(5929M) 130.206ms
[2020-11-12T13:58:46.181+0100] GC(158) Pause Young (Allocation Failure) 4981M->3410M(5952M) 97.896ms
[2020-11-12T13:58:50.347+0100] GC(159) Pause Young (Allocation Failure) 5074M->3502M(5943M) 118.984ms
[2020-11-12T13:58:54.480+0100] GC(160) Pause Young (Allocation Failure) 5169M->3595M(5949M) 128.543ms
[2020-11-12T13:58:58.234+0100] GC(161) Pause Young (Allocation Failure) 5261M->3688M(5949M) 123.335ms
[2020-11-12T13:59:02.331+0100] GC(162) Pause Young (Allocation Failure) 5366M->3781M(5954M) 132.311ms
[2020-11-12T13:59:06.341+0100] GC(163) Pause Young (Allocation Failure) 5459M->3873M(5955M) 125.689ms
[2020-11-12T13:59:10.360+0100] GC(164) Pause Young (Allocation Failure) 5564M->3967M(5960M) 137.088ms
[2020-11-12T13:59:14.469+0100] GC(165) Pause Young (Allocation Failure) 5658M->4060M(5962M) 140.575ms
[2020-11-12T13:59:18.581+0100] GC(166) Pause Young (Allocation Failure) 5763M->4153M(5967M) 143.444ms
[2020-11-12T13:59:20.036+0100] GC(167) Pause Full (Ergonomics) 4153M->2031M(5974M) 1455.472ms
[2020-11-12T13:59:23.667+0100] GC(168) Pause Young (Allocation Failure) 3746M->2158M(5976M) 54.251ms
[2020-11-12T13:59:27.747+0100] GC(169) Pause Young (Allocation Failure) 3873M->2252M(5975M) 123.090ms
[2020-11-12T13:59:31.769+0100] GC(170) Pause Young (Allocation Failure) 3973M->2346M(5976M) 121.883ms
[2020-11-12T13:59:35.798+0100] GC(171) Pause Young (Allocation Failure) 4067M->2440M(5980M) 122.409ms
[2020-11-12T13:59:39.562+0100] GC(172) Pause Young (Allocation Failure) 4172M->2535M(5982M) 122.267ms
[2020-11-12T13:59:43.629+0100] GC(173) Pause Young (Allocation Failure) 4266M->2629M(5986M) 121.605ms
[2020-11-12T13:59:47.832+0100] GC(174) Pause Young (Allocation Failure) 4371M->2725M(5987M) 129.343ms
[2020-11-12T13:59:51.714+0100] GC(175) Pause Young (Allocation Failure) 4466M->2821M(5991M) 130.534ms
[2020-11-12T13:59:56.091+0100] GC(176) Pause Young (Allocation Failure) 4571M->2917M(5992M) 135.404ms
[2020-11-12T14:00:00.307+0100] GC(177) Pause Young (Allocation Failure) 4667M->3013M(5995M) 136.155ms
[2020-11-12T14:00:04.428+0100] GC(178) Pause Young (Allocation Failure) 4770M->3109M(5996M) 132.793ms
[2020-11-12T14:00:08.337+0100] GC(179) Pause Young (Allocation Failure) 4866M->3207M(5999M) 136.712ms
[2020-11-12T14:00:12.391+0100] GC(180) Pause Young (Allocation Failure) 4969M->3301M(6000M) 131.741ms
[2020-11-12T14:00:16.678+0100] GC(181) Pause Young (Allocation Failure) 5064M->3398M(6001M) 131.139ms
[2020-11-12T14:00:21.004+0100] GC(182) Pause Young (Allocation Failure) 5164M->3496M(6001M) 140.224ms
[2020-11-12T14:00:25.272+0100] GC(183) Pause Young (Allocation Failure) 5262M->3592M(6003M) 179.845ms
[2020-11-12T14:00:29.655+0100] GC(184) Pause Young (Allocation Failure) 5361M->3688M(6004M) 122.543ms
[2020-11-12T14:00:33.648+0100] GC(185) Pause Young (Allocation Failure) 5458M->3784M(6005M) 124.386ms
[2020-11-12T14:00:37.919+0100] GC(186) Pause Young (Allocation Failure) 5556M->3880M(6005M) 115.412ms
[2020-11-12T14:00:42.295+0100] GC(187) Pause Young (Allocation Failure) 5652M->3977M(6006M) 115.605ms
[2020-11-12T14:00:46.573+0100] GC(188) Pause Young (Allocation Failure) 5752M->4074M(6006M) 116.581ms
[2020-11-12T14:00:50.659+0100] GC(189) Pause Young (Allocation Failure) 5848M->4170M(6007M) 124.224ms
[2020-11-12T14:00:51.772+0100] GC(190) Pause Full (Ergonomics) 4170M->2035M(6007M) 1111.918ms
[2020-11-12T14:00:55.748+0100] GC(191) Pause Young (Allocation Failure) 3811M->2166M(6008M) 57.141ms
[2020-11-12T14:00:59.723+0100] GC(192) Pause Young (Allocation Failure) 3943M->2262M(6003M) 84.689ms
[2020-11-12T14:01:03.791+0100] GC(193) Pause Young (Allocation Failure) 4039M->2359M(6008M) 87.605ms
[2020-11-12T14:01:08.064+0100] GC(194) Pause Young (Allocation Failure) 4137M->2456M(6008M) 87.880ms
[2020-11-12T14:01:12.249+0100] GC(195) Pause Young (Allocation Failure) 4234M->2554M(6008M) 89.095ms
[2020-11-12T14:01:16.323+0100] GC(196) Pause Young (Allocation Failure) 4332M->2651M(6009M) 87.651ms
[2020-11-12T14:01:20.397+0100] GC(197) Pause Young (Allocation Failure) 4429M->2747M(6008M) 88.415ms
[2020-11-12T14:01:24.597+0100] GC(198) Pause Young (Allocation Failure) 4525M->2845M(6008M) 88.860ms
[2020-11-12T14:01:28.849+0100] GC(199) Pause Young (Allocation Failure) 4623M->2941M(6008M) 89.353ms
[2020-11-12T14:01:32.930+0100] GC(200) Pause Young (Allocation Failure) 4720M->3037M(6009M) 91.617ms
[2020-11-12T14:01:37.090+0100] GC(201) Pause Young (Allocation Failure) 4816M->3134M(6010M) 120.639ms
[2020-11-12T14:01:41.282+0100] GC(202) Pause Young (Allocation Failure) 4915M->3232M(6010M) 120.522ms
[2020-11-12T14:01:45.449+0100] GC(203) Pause Young (Allocation Failure) 5012M->3328M(6009M) 122.909ms
[2020-11-12T14:01:49.784+0100] GC(204) Pause Young (Allocation Failure) 5109M->3426M(6010M) 123.508ms
[2020-11-12T14:01:53.915+0100] GC(205) Pause Young (Allocation Failure) 5207M->3523M(6011M) 123.440ms
[2020-11-12T14:01:58.237+0100] GC(206) Pause Young (Allocation Failure) 5305M->3634M(6010M) 176.075ms
[2020-11-12T14:02:02.669+0100] GC(207) Pause Young (Allocation Failure) 5416M->3734M(6010M) 125.407ms
[2020-11-12T14:02:07.125+0100] GC(208) Pause Young (Allocation Failure) 5515M->3832M(6010M) 123.752ms
[2020-11-12T14:02:11.612+0100] GC(209) Pause Young (Allocation Failure) 5613M->3929M(6009M) 212.974ms
[2020-11-12T14:02:16.016+0100] GC(210) Pause Young (Allocation Failure) 5710M->4026M(6010M) 136.838ms
[2020-11-12T14:02:20.328+0100] GC(211) Pause Young (Allocation Failure) 5807M->4123M(6011M) 128.704ms
[2020-11-12T14:02:21.354+0100] GC(212) Pause Full (Ergonomics) 4123M->2037M(6011M) 1026.057ms
[2020-11-12T14:02:25.661+0100] GC(213) Pause Young (Allocation Failure) 3819M->2168M(6011M) 53.162ms
[2020-11-12T14:02:29.904+0100] GC(214) Pause Young (Allocation Failure) 3950M->2265M(6011M) 132.513ms
[2020-11-12T14:02:34.044+0100] GC(215) Pause Young (Allocation Failure) 4047M->2362M(6010M) 87.751ms
[2020-11-12T14:02:38.078+0100] GC(216) Pause Young (Allocation Failure) 4144M->2459M(6010M) 88.684ms
[2020-11-12T14:02:42.313+0100] GC(217) Pause Young (Allocation Failure) 4241M->2557M(6011M) 87.836ms
[2020-11-12T14:02:46.470+0100] GC(218) Pause Young (Allocation Failure) 4340M->2653M(6011M) 86.522ms
[2020-11-12T14:02:50.779+0100] GC(219) Pause Young (Allocation Failure) 4436M->2750M(6011M) 87.578ms
[2020-11-12T14:02:55.102+0100] GC(220) Pause Young (Allocation Failure) 4533M->2848M(6011M) 93.467ms
[2020-11-12T14:02:59.258+0100] GC(221) Pause Young (Allocation Failure) 4631M->2945M(6011M) 90.361ms
[2020-11-12T14:03:03.378+0100] GC(222) Pause Young (Allocation Failure) 4728M->3043M(6011M) 92.055ms
[2020-11-12T14:03:07.246+0100] GC(223) Pause Young (Allocation Failure) 4826M->3140M(6011M) 93.252ms
[2020-11-12T14:03:11.099+0100] GC(224) Pause Young (Allocation Failure) 4923M->3238M(6011M) 91.916ms
[2020-11-12T14:03:14.887+0100] GC(225) Pause Young (Allocation Failure) 5021M->3335M(6011M) 94.473ms
[2020-11-12T14:03:18.675+0100] GC(226) Pause Young (Allocation Failure) 5118M->3432M(6011M) 93.339ms
[2020-11-12T14:03:22.890+0100] GC(227) Pause Young (Allocation Failure) 5215M->3530M(6011M) 93.983ms
[2020-11-12T14:03:27.000+0100] GC(228) Pause Young (Allocation Failure) 5313M->3627M(6011M) 94.022ms
[2020-11-12T14:03:31.227+0100] GC(229) Pause Young (Allocation Failure) 5410M->3725M(6011M) 94.815ms
[2020-11-12T14:03:35.505+0100] GC(230) Pause Young (Allocation Failure) 5508M->3821M(6011M) 92.392ms
[2020-11-12T14:03:39.706+0100] GC(231) Pause Young (Allocation Failure) 5604M->3919M(6011M) 94.733ms
[2020-11-12T14:03:43.424+0100] GC(232) Pause Young (Allocation Failure) 5702M->4017M(6011M) 98.718ms
[2020-11-12T14:03:47.402+0100] GC(233) Pause Young (Allocation Failure) 5800M->4115M(6010M) 102.078ms
[2020-11-12T14:03:51.496+0100] GC(234) Pause Young (Allocation Failure) 5897M->4212M(6011M) 116.182ms
[2020-11-12T14:03:52.933+0100] GC(235) Pause Full (Ergonomics) 4212M->2032M(6011M) 1437.067ms
[2020-11-12T14:03:57.160+0100] GC(236) Pause Young (Allocation Failure) 3814M->2164M(6011M) 54.432ms
[2020-11-12T14:04:01.293+0100] GC(237) Pause Young (Allocation Failure) 3946M->2260M(6011M) 91.184ms
[2020-11-12T14:04:05.345+0100] GC(238) Pause Young (Allocation Failure) 4042M->2358M(6011M) 95.307ms
[2020-11-12T14:04:09.783+0100] GC(239) Pause Young (Allocation Failure) 4140M->2455M(6011M) 93.790ms
[2020-11-12T14:04:13.916+0100] GC(240) Pause Young (Allocation Failure) 4237M->2552M(6011M) 93.996ms
[2020-11-12T14:04:18.186+0100] GC(241) Pause Young (Allocation Failure) 4334M->2649M(6011M) 90.144ms
[2020-11-12T14:04:22.523+0100] GC(242) Pause Young (Allocation Failure) 4431M->2747M(6011M) 91.928ms
[2020-11-12T14:04:26.594+0100] GC(243) Pause Young (Allocation Failure) 4529M->2844M(6010M) 92.839ms
[2020-11-12T14:04:30.956+0100] GC(244) Pause Young (Allocation Failure) 4626M->2942M(6010M) 95.086ms
[2020-11-12T14:04:35.243+0100] GC(245) Pause Young (Allocation Failure) 4724M->3038M(6011M) 139.418ms
[2020-11-12T14:04:39.582+0100] GC(246) Pause Young (Allocation Failure) 4821M->3136M(6011M) 98.208ms
[2020-11-12T14:04:43.954+0100] GC(247) Pause Young (Allocation Failure) 4919M->3233M(6011M) 97.341ms
[2020-11-12T14:04:48.280+0100] GC(248) Pause Young (Allocation Failure) 5016M->3331M(6011M) 95.166ms
[2020-11-12T14:04:52.543+0100] GC(249) Pause Young (Allocation Failure) 5114M->3428M(6011M) 97.368ms
[2020-11-12T14:04:56.594+0100] GC(250) Pause Young (Allocation Failure) 5211M->3526M(6011M) 97.160ms
[2020-11-12T14:05:00.680+0100] GC(251) Pause Young (Allocation Failure) 5309M->3623M(6011M) 98.287ms
[2020-11-12T14:05:04.844+0100] GC(252) Pause Young (Allocation Failure) 5406M->3720M(6011M) 100.285ms
[2020-11-12T14:05:09.187+0100] GC(253) Pause Young (Allocation Failure) 5503M->3817M(6011M) 114.368ms
[2020-11-12T14:05:13.571+0100] GC(254) Pause Young (Allocation Failure) 5600M->3915M(6011M) 99.828ms
[2020-11-12T14:05:17.739+0100] GC(255) Pause Young (Allocation Failure) 5698M->4012M(6011M) 107.587ms
[2020-11-12T14:05:22.084+0100] GC(256) Pause Young (Allocation Failure) 5795M->4109M(6011M) 125.475ms
[2020-11-12T14:05:26.425+0100] GC(257) Pause Young (Allocation Failure) 5892M->4207M(6011M) 125.357ms
[2020-11-12T14:05:27.633+0100] GC(258) Pause Full (Ergonomics) 4207M->2032M(6011M) 1207.342ms
[2020-11-12T14:05:31.804+0100] GC(259) Pause Young (Allocation Failure) 3815M->2165M(6010M) 53.549ms
[2020-11-12T14:05:35.750+0100] GC(260) Pause Young (Allocation Failure) 3947M->2262M(6011M) 84.202ms
[2020-11-12T14:05:39.849+0100] GC(261) Pause Young (Allocation Failure) 4044M->2358M(6011M) 86.178ms
[2020-11-12T14:05:44.053+0100] GC(262) Pause Young (Allocation Failure) 4140M->2455M(6009M) 85.756ms
[2020-11-12T14:05:48.245+0100] GC(263) Pause Young (Allocation Failure) 4237M->2553M(6010M) 114.063ms
[2020-11-12T14:05:52.087+0100] GC(264) Pause Young (Allocation Failure) 4335M->2651M(6010M) 120.424ms
[2020-11-12T14:05:56.410+0100] GC(265) Pause Young (Allocation Failure) 4433M->2749M(6011M) 118.466ms
[2020-11-12T14:06:00.164+0100] GC(266) Pause Young (Allocation Failure) 4532M->2846M(6011M) 108.490ms
[2020-11-12T14:06:04.045+0100] GC(267) Pause Young (Allocation Failure) 4629M->2943M(6011M) 109.726ms
[2020-11-12T14:06:08.084+0100] GC(268) Pause Young (Allocation Failure) 4726M->3040M(6010M) 118.867ms
[2020-11-12T14:06:11.804+0100] GC(269) Pause Young (Allocation Failure) 4823M->3138M(6011M) 115.674ms
[2020-11-12T14:06:16.087+0100] GC(270) Pause Young (Allocation Failure) 4921M->3235M(6011M) 113.997ms
[2020-11-12T14:06:20.391+0100] GC(271) Pause Young (Allocation Failure) 5018M->3332M(6012M) 115.976ms
[2020-11-12T14:06:24.259+0100] GC(272) Pause Young (Allocation Failure) 5116M->3429M(6012M) 125.269ms
[2020-11-12T14:06:28.180+0100] GC(273) Pause Young (Allocation Failure) 5213M->3527M(6011M) 124.387ms
[2020-11-12T14:06:32.834+0100] GC(274) Pause Young (Allocation Failure) 5310M->3638M(6011M) 163.685ms
[2020-11-12T14:06:37.583+0100] GC(275) Pause Young (Allocation Failure) 5421M->3738M(5931M) 122.096ms
[2020-11-12T14:06:41.678+0100] GC(276) Pause Young (Allocation Failure) 5441M->3831M(5971M) 111.971ms
[2020-11-12T14:06:46.146+0100] GC(277) Pause Young (Allocation Failure) 5534M->3926M(5969M) 107.791ms
[2020-11-12T14:06:50.421+0100] GC(278) Pause Young (Allocation Failure) 5629M->4020M(5970M) 125.054ms
[2020-11-12T14:06:54.287+0100] GC(279) Pause Young (Allocation Failure) 5723M->4114M(5969M) 123.187ms
[2020-11-12T14:06:55.308+0100] GC(280) Pause Full (Ergonomics) 4114M->2033M(5971M) 1021.575ms
[2020-11-12T14:06:59.210+0100] GC(281) Pause Young (Allocation Failure) 3740M->2159M(5972M) 51.955ms
[2020-11-12T14:07:03.286+0100] GC(282) Pause Young (Allocation Failure) 3870M->2252M(5974M) 83.016ms
